Archive member included to satisfy reference by file (symbol)

c:/st/stm32cubeide_1.8.0/stm32cubeide/plugins/com.st.stm32cube.ide.mcu.externaltools.gnu-tools-for-stm32.9-2020-q2-update.win32_2.0.0.202105311346/tools/bin/../lib/gcc/arm-none-eabi/9.3.1/../../../../arm-none-eabi/lib/thumb/v7e-m+fp/hard\libc_nano.a(lib_a-errno.o)
                              ./Core/Src/syscalls.o (__errno)
c:/st/stm32cubeide_1.8.0/stm32cubeide/plugins/com.st.stm32cube.ide.mcu.externaltools.gnu-tools-for-stm32.9-2020-q2-update.win32_2.0.0.202105311346/tools/bin/../lib/gcc/arm-none-eabi/9.3.1/../../../../arm-none-eabi/lib/thumb/v7e-m+fp/hard\libc_nano.a(lib_a-exit.o)
                              c:/st/stm32cubeide_1.8.0/stm32cubeide/plugins/com.st.stm32cube.ide.mcu.externaltools.gnu-tools-for-stm32.9-2020-q2-update.win32_2.0.0.202105311346/tools/bin/../lib/gcc/arm-none-eabi/9.3.1/../../../../arm-none-eabi/lib/thumb/v7e-m+fp/hard/crt0.o (exit)
c:/st/stm32cubeide_1.8.0/stm32cubeide/plugins/com.st.stm32cube.ide.mcu.externaltools.gnu-tools-for-stm32.9-2020-q2-update.win32_2.0.0.202105311346/tools/bin/../lib/gcc/arm-none-eabi/9.3.1/../../../../arm-none-eabi/lib/thumb/v7e-m+fp/hard\libc_nano.a(lib_a-findfp.o)
                              ./Middlewares/Third_Party/FreeRTOS/Source/tasks.o (__sf_fake_stderr)
c:/st/stm32cubeide_1.8.0/stm32cubeide/plugins/com.st.stm32cube.ide.mcu.externaltools.gnu-tools-for-stm32.9-2020-q2-update.win32_2.0.0.202105311346/tools/bin/../lib/gcc/arm-none-eabi/9.3.1/../../../../arm-none-eabi/lib/thumb/v7e-m+fp/hard\libc_nano.a(lib_a-fwalk.o)
                              c:/st/stm32cubeide_1.8.0/stm32cubeide/plugins/com.st.stm32cube.ide.mcu.externaltools.gnu-tools-for-stm32.9-2020-q2-update.win32_2.0.0.202105311346/tools/bin/../lib/gcc/arm-none-eabi/9.3.1/../../../../arm-none-eabi/lib/thumb/v7e-m+fp/hard\libc_nano.a(lib_a-findfp.o) (_fwalk)
c:/st/stm32cubeide_1.8.0/stm32cubeide/plugins/com.st.stm32cube.ide.mcu.externaltools.gnu-tools-for-stm32.9-2020-q2-update.win32_2.0.0.202105311346/tools/bin/../lib/gcc/arm-none-eabi/9.3.1/../../../../arm-none-eabi/lib/thumb/v7e-m+fp/hard\libc_nano.a(lib_a-impure.o)
                              c:/st/stm32cubeide_1.8.0/stm32cubeide/plugins/com.st.stm32cube.ide.mcu.externaltools.gnu-tools-for-stm32.9-2020-q2-update.win32_2.0.0.202105311346/tools/bin/../lib/gcc/arm-none-eabi/9.3.1/../../../../arm-none-eabi/lib/thumb/v7e-m+fp/hard\libc_nano.a(lib_a-exit.o) (_global_impure_ptr)
c:/st/stm32cubeide_1.8.0/stm32cubeide/plugins/com.st.stm32cube.ide.mcu.externaltools.gnu-tools-for-stm32.9-2020-q2-update.win32_2.0.0.202105311346/tools/bin/../lib/gcc/arm-none-eabi/9.3.1/../../../../arm-none-eabi/lib/thumb/v7e-m+fp/hard\libc_nano.a(lib_a-init.o)
                              c:/st/stm32cubeide_1.8.0/stm32cubeide/plugins/com.st.stm32cube.ide.mcu.externaltools.gnu-tools-for-stm32.9-2020-q2-update.win32_2.0.0.202105311346/tools/bin/../lib/gcc/arm-none-eabi/9.3.1/../../../../arm-none-eabi/lib/thumb/v7e-m+fp/hard/crt0.o (__libc_init_array)
c:/st/stm32cubeide_1.8.0/stm32cubeide/plugins/com.st.stm32cube.ide.mcu.externaltools.gnu-tools-for-stm32.9-2020-q2-update.win32_2.0.0.202105311346/tools/bin/../lib/gcc/arm-none-eabi/9.3.1/../../../../arm-none-eabi/lib/thumb/v7e-m+fp/hard\libc_nano.a(lib_a-lock.o)
                              c:/st/stm32cubeide_1.8.0/stm32cubeide/plugins/com.st.stm32cube.ide.mcu.externaltools.gnu-tools-for-stm32.9-2020-q2-update.win32_2.0.0.202105311346/tools/bin/../lib/gcc/arm-none-eabi/9.3.1/../../../../arm-none-eabi/lib/thumb/v7e-m+fp/hard\libc_nano.a(lib_a-findfp.o) (__retarget_lock_init_recursive)
c:/st/stm32cubeide_1.8.0/stm32cubeide/plugins/com.st.stm32cube.ide.mcu.externaltools.gnu-tools-for-stm32.9-2020-q2-update.win32_2.0.0.202105311346/tools/bin/../lib/gcc/arm-none-eabi/9.3.1/../../../../arm-none-eabi/lib/thumb/v7e-m+fp/hard\libc_nano.a(lib_a-memcpy-stub.o)
                              ./Middlewares/Third_Party/FreeRTOS/Source/queue.o (memcpy)
c:/st/stm32cubeide_1.8.0/stm32cubeide/plugins/com.st.stm32cube.ide.mcu.externaltools.gnu-tools-for-stm32.9-2020-q2-update.win32_2.0.0.202105311346/tools/bin/../lib/gcc/arm-none-eabi/9.3.1/../../../../arm-none-eabi/lib/thumb/v7e-m+fp/hard\libc_nano.a(lib_a-memset.o)
                              c:/st/stm32cubeide_1.8.0/stm32cubeide/plugins/com.st.stm32cube.ide.mcu.externaltools.gnu-tools-for-stm32.9-2020-q2-update.win32_2.0.0.202105311346/tools/bin/../lib/gcc/arm-none-eabi/9.3.1/../../../../arm-none-eabi/lib/thumb/v7e-m+fp/hard/crt0.o (memset)
c:/st/stm32cubeide_1.8.0/stm32cubeide/plugins/com.st.stm32cube.ide.mcu.externaltools.gnu-tools-for-stm32.9-2020-q2-update.win32_2.0.0.202105311346/tools/bin/../lib/gcc/arm-none-eabi/9.3.1/../../../../arm-none-eabi/lib/thumb/v7e-m+fp/hard\libc_nano.a(lib_a-nano-mallocr.o)
[...]
Memory Configuration

Name             Origin             Length             Attributes
CCMRAM           0x0000000010000000 0x0000000000010000 xrw
RAM              0x0000000020000000 0x0000000000020000 xrw
FLASH            0x0000000008000000 0x0000000000080000 xr
*default*        0x0000000000000000 0xffffffffffffffff

Linker script and memory map

LOAD c:/st/stm32cubeide_1.8.0/stm32cubeide/plugins/com.st.stm32cube.ide.mcu.externaltools.gnu-tools-for-stm32.9-2020-q2-update.win32_2.0.0.202105311346/tools/bin/../lib/gcc/arm-none-eabi/9.3.1/thumb/v7e-m+fp/hard/crti.o
LOAD c:/st/stm32cubeide_1.8.0/stm32cubeide/plugins/com.st.stm32cube.ide.mcu.externaltools.gnu-tools-for-stm32.9-2020-q2-update.win32_2.0.0.202105311346/tools/bin/../lib/gcc/arm-none-eabi/9.3.1/thumb/v7e-m+fp/hard/crtbegin.o
LOAD c:/st/stm32cubeide_1.8.0/stm32cubeide/plugins/com.st.stm32cube.ide.mcu.externaltools.gnu-tools-for-stm32.9-2020-q2-update.win32_2.0.0.202105311346/tools/bin/../lib/gcc/arm-none-eabi/9.3.1/../../../../arm-none-eabi/lib/thumb/v7e-m+fp/hard/crt0.o
LOAD ./Core/Src/freertos.o
LOAD ./Core/Src/main.o
LOAD ./Core/Src/stm32f4xx_hal_msp.o
LOAD ./Core/Src/stm32f4xx_hal_timebase_tim.o
LOAD ./Core/Src/stm32f4xx_it.o
LOAD ./Core/Src/syscalls.o
LOAD ./Core/Src/sysmem.o
LOAD ./Core/Src/system_stm32f4xx.o
LOAD ./Core/Startup/startup_stm32f407vetx.o
LOAD ./Drivers/STM32F4xx_HAL_Driver/Src/stm32f4xx_hal.o
LOAD ./Drivers/STM32F4xx_HAL_Driver/Src/stm32f4xx_hal_cortex.o
LOAD ./Drivers/STM32F4xx_HAL_Driver/Src/stm32f4xx_hal_dma.o
LOAD ./Drivers/STM32F4xx_HAL_Driver/Src/stm32f4xx_hal_dma_ex.o
LOAD ./Drivers/STM32F4xx_HAL_Driver/Src/stm32f4xx_hal_exti.o
LOAD ./Drivers/STM32F4xx_HAL_Driver/Src/stm32f4xx_hal_flash.o
LOAD ./Drivers/STM32F4xx_HAL_Driver/Src/stm32f4xx_hal_flash_ex.o
LOAD ./Drivers/STM32F4xx_HAL_Driver/Src/stm32f4xx_hal_flash_ramfunc.o
LOAD ./Drivers/STM32F4xx_HAL_Driver/Src/stm32f4xx_hal_gpio.o
LOAD ./Drivers/STM32F4xx_HAL_Driver/Src/stm32f4xx_hal_iwdg.o
LOAD ./Drivers/STM32F4xx_HAL_Driver/Src/stm32f4xx_hal_pwr.o
LOAD ./Drivers/STM32F4xx_HAL_Driver/Src/stm32f4xx_hal_pwr_ex.o
LOAD ./Drivers/STM32F4xx_HAL_Driver/Src/stm32f4xx_hal_rcc.o
LOAD ./Drivers/STM32F4xx_HAL_Driver/Src/stm32f4xx_hal_rcc_ex.o
LOAD ./Drivers/STM32F4xx_HAL_Driver/Src/stm32f4xx_hal_rtc.o
LOAD ./Drivers/STM32F4xx_HAL_Driver/Src/stm32f4xx_hal_rtc_ex.o
LOAD ./Drivers/STM32F4xx_HAL_Driver/Src/stm32f4xx_hal_spi.o
LOAD ./Drivers/STM32F4xx_HAL_Driver/Src/stm32f4xx_hal_tim.o
LOAD ./Drivers/STM32F4xx_HAL_Driver/Src/stm32f4xx_hal_tim_ex.o
LOAD ./Drivers/STM32F4xx_HAL_Driver/Src/stm32f4xx_hal_uart.o
LOAD ./Middlewares/Third_Party/FreeRTOS/Source/CMSIS_RTOS/cmsis_os.o
LOAD ./Middlewares/Third_Party/FreeRTOS/Source/croutine.o
LOAD ./Middlewares/Third_Party/FreeRTOS/Source/event_groups.o
LOAD ./Middlewares/Third_Party/FreeRTOS/Source/list.o
LOAD ./Middlewares/Third_Party/FreeRTOS/Source/queue.o
LOAD ./Middlewares/Third_Party/FreeRTOS/Source/stream_buffer.o
LOAD ./Middlewares/Third_Party/FreeRTOS/Source/tasks.o
LOAD ./Middlewares/Third_Party/FreeRTOS/Source/timers.o
LOAD ./Middlewares/Third_Party/FreeRTOS/Source/portable/GCC/ARM_CM4F/port.o
LOAD ./Middlewares/Third_Party/FreeRTOS/Source/portable/MemMang/heap_4.o
LOAD ./User/M95Task.o
LOAD ./User/MainTask.o
LOAD ./User/ModbusPacketTask.o
LOAD ./User/ModbusTask.o
LOAD ./User/ReadRegistersTask.o
LOAD ./User/fm25v02.o
LOAD ./User/gpio.o
LOAD ./User/m95.o
LOAD ./User/modbus.o
START GROUP
LOAD c:/st/stm32cubeide_1.8.0/stm32cubeide/plugins/com.st.stm32cube.ide.mcu.externaltools.gnu-tools-for-stm32.9-2020-q2-update.win32_2.0.0.202105311346/tools/bin/../lib/gcc/arm-none-eabi/9.3.1/../../../../arm-none-eabi/lib/thumb/v7e-m+fp/hard\libc_nano.a
LOAD c:/st/stm32cubeide_1.8.0/stm32cubeide/plugins/com.st.stm32cube.ide.mcu.externaltools.gnu-tools-for-stm32.9-2020-q2-update.win32_2.0.0.202105311346/tools/bin/../lib/gcc/arm-none-eabi/9.3.1/../../../../arm-none-eabi/lib/thumb/v7e-m+fp/hard\libm.a
END GROUP
START GROUP
LOAD c:/st/stm32cubeide_1.8.0/stm32cubeide/plugins/com.st.stm32cube.ide.mcu.externaltools.gnu-tools-for-stm32.9-2020-q2-update.win32_2.0.0.202105311346/tools/bin/../lib/gcc/arm-none-eabi/9.3.1/thumb/v7e-m+fp/hard\libgcc.a
LOAD c:/st/stm32cubeide_1.8.0/stm32cubeide/plugins/com.st.stm32cube.ide.mcu.externaltools.gnu-tools-for-stm32.9-2020-q2-update.win32_2.0.0.202105311346/tools/bin/../lib/gcc/arm-none-eabi/9.3.1/../../../../arm-none-eabi/lib/thumb/v7e-m+fp/hard\libc_nano.a
END GROUP
START GROUP
LOAD c:/st/stm32cubeide_1.8.0/stm32cubeide/plugins/com.st.stm32cube.ide.mcu.externaltools.gnu-tools-for-stm32.9-2020-q2-update.win32_2.0.0.202105311346/tools/bin/../lib/gcc/arm-none-eabi/9.3.1/thumb/v7e-m+fp/hard\libgcc.a
LOAD c:/st/stm32cubeide_1.8.0/stm32cubeide/plugins/com.st.stm32cube.ide.mcu.externaltools.gnu-tools-for-stm32.9-2020-q2-update.win32_2.0.0.202105311346/tools/bin/../lib/gcc/arm-none-eabi/9.3.1/../../../../arm-none-eabi/lib/thumb/v7e-m+fp/hard\libc_nano.a
LOAD c:/st/stm32cubeide_1.8.0/stm32cubeide/plugins/com.st.stm32cube.ide.mcu.externaltools.gnu-tools-for-stm32.9-2020-q2-update.win32_2.0.0.202105311346/tools/bin/../lib/gcc/arm-none-eabi/9.3.1/../../../../arm-none-eabi/lib/thumb/v7e-m+fp/hard\libnosys.a
END GROUP
START GROUP
LOAD c:/st/stm32cubeide_1.8.0/stm32cubeide/plugins/com.st.stm32cube.ide.mcu.externaltools.gnu-tools-for-stm32.9-2020-q2-update.win32_2.0.0.202105311346/tools/bin/../lib/gcc/arm-none-eabi/9.3.1/thumb/v7e-m+fp/hard\libgcc.a
LOAD c:/st/stm32cubeide_1.8.0/stm32cubeide/plugins/com.st.stm32cube.ide.mcu.externaltools.gnu-tools-for-stm32.9-2020-q2-update.win32_2.0.0.202105311346/tools/bin/../lib/gcc/arm-none-eabi/9.3.1/../../../../arm-none-eabi/lib/thumb/v7e-m+fp/hard\libc_nano.a
LOAD c:/st/stm32cubeide_1.8.0/stm32cubeide/plugins/com.st.stm32cube.ide.mcu.externaltools.gnu-tools-for-stm32.9-2020-q2-update.win32_2.0.0.202105311346/tools/bin/../lib/gcc/arm-none-eabi/9.3.1/../../../../arm-none-eabi/lib/thumb/v7e-m+fp/hard\libnosys.a
END GROUP
LOAD c:/st/stm32cubeide_1.8.0/stm32cubeide/plugins/com.st.stm32cube.ide.mcu.externaltools.gnu-tools-for-stm32.9-2020-q2-update.win32_2.0.0.202105311346/tools/bin/../lib/gcc/arm-none-eabi/9.3.1/thumb/v7e-m+fp/hard/crtend.o
LOAD c:/st/stm32cubeide_1.8.0/stm32cubeide/plugins/com.st.stm32cube.ide.mcu.externaltools.gnu-tools-for-stm32.9-2020-q2-update.win32_2.0.0.202105311346/tools/bin/../lib/gcc/arm-none-eabi/9.3.1/thumb/v7e-m+fp/hard/crtn.o
                0x0000000020020000                _estack = (ORIGIN (RAM) + LENGTH (RAM))
                0x0000000000000200                _Min_Heap_Size = 0x200
                0x0000000000000400                _Min_Stack_Size = 0x400

.isr_vector     0x0000000008000000      0x188
                0x0000000008000000                . = ALIGN (0x4)
 *(.isr_vector)
 .isr_vector    0x0000000008000000      0x188 ./Core/Startup/startup_stm32f407vetx.o
                0x0000000008000000                g_pfnVectors
                0x0000000008000188                . = ALIGN (0x4)

.text           0x0000000008000190     0xf5ec
                0x0000000008000190                . = ALIGN (0x4)
 *(.text)
 .text          0x0000000008000190       0x40 c:/st/stm32cubeide_1.8.0/stm32cubeide/plugins/com.st.stm32cube.ide.mcu.externaltools.gnu-tools-for-stm32.9-2020-q2-update.win32_2.0.0.202105311346/tools/bin/../lib/gcc/arm-none-eabi/9.3.1/thumb/v7e-m+fp/hard/crtbegin.o
 .text          0x00000000080001d0       0x10 c:/st/stm32cubeide_1.8.0/stm32cubeide/plugins/com.st.stm32cube.ide.mcu.externaltools.gnu-tools-for-stm32.9-2020-q2-update.win32_2.0.0.202105311346/tools/bin/../lib/gcc/arm-none-eabi/9.3.1/../../../../arm-none-eabi/lib/thumb/v7e-m+fp/hard\libc_nano.a(lib_a-strlen.o)
                0x00000000080001d0                strlen
 .text          0x00000000080001e0       0xa0 c:/st/stm32cubeide_1.8.0/stm32cubeide/plugins/com.st.stm32cube.ide.mcu.externaltools.gnu-tools-for-stm32.9-2020-q2-update.win32_2.0.0.202105311346/tools/bin/../lib/gcc/arm-none-eabi/9.3.1/../../../../arm-none-eabi/lib/thumb/v7e-m+fp/hard\libc_nano.a(lib_a-memchr.o)
                0x00000000080001e0                memchr
 .text          0x0000000008000280       0x30 c:/st/stm32cubeide_1.8.0/stm32cubeide/plugins/com.st.stm32cube.ide.mcu.externaltools.gnu-tools-for-stm32.9-2020-q2-update.win32_2.0.0.202105311346/tools/bin/../lib/gcc/arm-none-eabi/9.3.1/thumb/v7e-m+fp/hard\libgcc.a(_aeabi_uldivmod.o)
                0x0000000008000280                __aeabi_uldivmod
 .text          0x00000000080002b0      0x2c4 c:/st/stm32cubeide_1.8.0/stm32cubeide/plugins/com.st.stm32cube.ide.mcu.externaltools.gnu-tools-for-stm32.9-2020-q2-update.win32_2.0.0.202105311346/tools/bin/../lib/gcc/arm-none-eabi/9.3.1/thumb/v7e-m+fp/hard\libgcc.a(_udivmoddi4.o)
                0x00000000080002b0                __udivmoddi4
 .text          0x0000000008000574        0x4 c:/st/stm32cubeide_1.8.0/stm32cubeide/plugins/com.st.stm32cube.ide.mcu.externaltools.gnu-tools-for-stm32.9-2020-q2-update.win32_2.0.0.202105311346/tools/bin/../lib/gcc/arm-none-eabi/9.3.1/thumb/v7e-m+fp/hard\libgcc.a(_dvmd_tls.o)
                0x0000000008000574                __aeabi_idiv0
                0x0000000008000574                __aeabi_ldiv0
 *(.text*)
 .text.vApplicationGetIdleTaskMemory
                0x0000000008000578       0x34 ./Core/Src/freertos.o
                0x0000000008000578                vApplicationGetIdleTaskMemory
 .text.vApplicationGetTimerTaskMemory
                0x00000000080005ac       0x34 ./Core/Src/freertos.o
                0x00000000080005ac                vApplicationGetTimerTaskMemory
 .text.__NVIC_SystemReset
                0x00000000080005e0       0x2c ./Core/Src/main.o
 .text.HAL_UART_TxCpltCallback
                0x000000000800060c       0x2c ./Core/Src/main.o
                0x000000000800060c                HAL_UART_TxCpltCallback
 .text.HAL_UART_RxCpltCallback
                0x0000000008000638       0x70 ./Core/Src/main.o
                0x0000000008000638                HAL_UART_RxCpltCallback
 .text.main     0x00000000080006a8      0x600 ./Core/Src/main.o
                0x00000000080006a8                main
 .text.SystemClock_Config
                0x0000000008000ca8       0xdc ./Core/Src/main.o
                0x0000000008000ca8                SystemClock_Config
 .text.MX_IWDG_Init
                0x0000000008000d84       0x34 ./Core/Src/main.o
 .text.MX_RTC_Init
                0x0000000008000db8       0x88 ./Core/Src/main.o
 .text.MX_SPI2_Init
                0x0000000008000e40       0x6c ./Core/Src/main.o
 .text.MX_SPI3_Init
                0x0000000008000eac       0x70 ./Core/Src/main.o
 .text.MX_USART3_UART_Init
                0x0000000008000f1c       0x54 ./Core/Src/main.o
 .text.MX_DMA_Init
                0x0000000008000f70       0x50 ./Core/Src/main.o
 .text.MX_GPIO_Init
                0x0000000008000fc0      0x1f8 ./Core/Src/main.o
 .text.Callback_AT_Timer
                0x00000000080011b8       0x20 ./Core/Src/main.o
                0x00000000080011b8                Callback_AT_Timer
 .text.Callback_Ring_Center_Timer
                0x00000000080011d8       0x20 ./Core/Src/main.o
                0x00000000080011d8                Callback_Ring_Center_Timer
 .text.StartDefaultTask
                0x00000000080011f8       0x8c ./Core/Src/main.o
                0x00000000080011f8                StartDefaultTask
 .text.HAL_TIM_PeriodElapsedCallback
                0x0000000008001284       0x24 ./Core/Src/main.o
                0x0000000008001284                HAL_TIM_PeriodElapsedCallback
 .text.Error_Handler
                0x00000000080012a8        0x8 ./Core/Src/main.o
                0x00000000080012a8                Error_Handler
 .text.HAL_MspInit
                0x00000000080012b0       0x58 ./Core/Src/stm32f4xx_hal_msp.o
                0x00000000080012b0                HAL_MspInit
 .text.HAL_RTC_MspInit
                0x0000000008001308       0x54 ./Core/Src/stm32f4xx_hal_msp.o
                0x0000000008001308                HAL_RTC_MspInit
 .text.HAL_SPI_MspInit
                0x000000000800135c      0x100 ./Core/Src/stm32f4xx_hal_msp.o
                0x000000000800135c                HAL_SPI_MspInit
 .text.HAL_SPI_MspDeInit
                0x000000000800145c       0x68 ./Core/Src/stm32f4xx_hal_msp.o
                0x000000000800145c                HAL_SPI_MspDeInit
 .text.HAL_UART_MspInit
                0x00000000080014c4      0x16c ./Core/Src/stm32f4xx_hal_msp.o
                0x00000000080014c4                HAL_UART_MspInit
 .text.HAL_UART_MspDeInit
                0x0000000008001630       0x58 ./Core/Src/stm32f4xx_hal_msp.o
                0x0000000008001630                HAL_UART_MspDeInit
 .text.HAL_InitTick
                0x0000000008001688       0xb4 ./Core/Src/stm32f4xx_hal_timebase_tim.o
                0x0000000008001688                HAL_InitTick
 .text.__NVIC_SystemReset
                0x000000000800173c       0x2c ./Core/Src/stm32f4xx_it.o
 .text.NMI_Handler
                0x0000000008001768        0x6 ./Core/Src/stm32f4xx_it.o
                0x0000000008001768                NMI_Handler
 .text.HardFault_Handler
                0x000000000800176e        0x8 ./Core/Src/stm32f4xx_it.o
                0x000000000800176e                HardFault_Handler
 .text.MemManage_Handler
                0x0000000008001776        0x6 ./Core/Src/stm32f4xx_it.o
                0x0000000008001776                MemManage_Handler
 .text.BusFault_Handler
                0x000000000800177c        0x6 ./Core/Src/stm32f4xx_it.o
                0x000000000800177c                BusFault_Handler
 .text.UsageFault_Handler
                0x0000000008001782        0x6 ./Core/Src/stm32f4xx_it.o
                0x0000000008001782                UsageFault_Handler
 .text.DebugMon_Handler
                0x0000000008001788        0xe ./Core/Src/stm32f4xx_it.o
                0x0000000008001788                DebugMon_Handler
 *fill*         0x0000000008001796        0x2 
 .text.DMA1_Stream1_IRQHandler
                0x0000000008001798       0x14 ./Core/Src/stm32f4xx_it.o
                0x0000000008001798                DMA1_Stream1_IRQHandler
 .text.DMA1_Stream3_IRQHandler
                0x00000000080017ac       0x14 ./Core/Src/stm32f4xx_it.o
                0x00000000080017ac                DMA1_Stream3_IRQHandler
 .text.TIM1_UP_TIM10_IRQHandler
                0x00000000080017c0       0x14 ./Core/Src/stm32f4xx_it.o
                0x00000000080017c0                TIM1_UP_TIM10_IRQHandler
 .text.USART3_IRQHandler
                0x00000000080017d4       0x14 ./Core/Src/stm32f4xx_it.o
                0x00000000080017d4                USART3_IRQHandler
 .text._sbrk    0x00000000080017e8       0x6c ./Core/Src/sysmem.o
                0x00000000080017e8                _sbrk
 .text.SystemInit
                0x0000000008001854       0x24 ./Core/Src/system_stm32f4xx.o
                0x0000000008001854                SystemInit
 .text.Reset_Handler
                0x0000000008001878       0x50 ./Core/Startup/startup_stm32f407vetx.o
                0x0000000008001878                Reset_Handler
 .text.Default_Handler
                0x00000000080018c8        0x2 ./Core/Startup/startup_stm32f407vetx.o
                0x00000000080018c8                RTC_Alarm_IRQHandler
                0x00000000080018c8                HASH_RNG_IRQHandler
                0x00000000080018c8                EXTI2_IRQHandler
                0x00000000080018c8                TIM8_CC_IRQHandler
                0x00000000080018c8                TIM1_CC_IRQHandler
                0x00000000080018c8                DMA2_Stream5_IRQHandler
                0x00000000080018c8                DMA1_Stream5_IRQHandler
                0x00000000080018c8                PVD_IRQHandler
                0x00000000080018c8                SDIO_IRQHandler
                0x00000000080018c8                TAMP_STAMP_IRQHandler
                0x00000000080018c8                CAN2_RX1_IRQHandler
                0x00000000080018c8                EXTI3_IRQHandler
                0x00000000080018c8                TIM8_TRG_COM_TIM14_IRQHandler
                0x00000000080018c8                TIM8_UP_TIM13_IRQHandler
                0x00000000080018c8                I2C3_ER_IRQHandler
                0x00000000080018c8                EXTI0_IRQHandler
                0x00000000080018c8                I2C2_EV_IRQHandler
                0x00000000080018c8                DMA1_Stream2_IRQHandler
                0x00000000080018c8                CAN1_RX0_IRQHandler
                0x00000000080018c8                FPU_IRQHandler
                0x00000000080018c8                OTG_HS_WKUP_IRQHandler
                0x00000000080018c8                CAN2_SCE_IRQHandler
                0x00000000080018c8                DMA2_Stream2_IRQHandler
                0x00000000080018c8                SPI1_IRQHandler
                0x00000000080018c8                TIM6_DAC_IRQHandler
                0x00000000080018c8                TIM1_BRK_TIM9_IRQHandler
                0x00000000080018c8                DCMI_IRQHandler
                0x00000000080018c8                CAN2_RX0_IRQHandler
                0x00000000080018c8                DMA2_Stream3_IRQHandler
                0x00000000080018c8                USART6_IRQHandler
                0x00000000080018c8                CAN1_RX1_IRQHandler
                0x00000000080018c8                UART5_IRQHandler
                0x00000000080018c8                DMA2_Stream0_IRQHandler
                0x00000000080018c8                TIM4_IRQHandler
                0x00000000080018c8                I2C1_EV_IRQHandler
                0x00000000080018c8                DMA1_Stream6_IRQHandler
                0x00000000080018c8                UART4_IRQHandler
                0x00000000080018c8                TIM3_IRQHandler
                0x00000000080018c8                RCC_IRQHandler
                0x00000000080018c8                TIM8_BRK_TIM12_IRQHandler
                0x00000000080018c8                Default_Handler
                0x00000000080018c8                EXTI15_10_IRQHandler
                0x00000000080018c8                ADC_IRQHandler
                0x00000000080018c8                DMA1_Stream7_IRQHandler
                0x00000000080018c8                TIM7_IRQHandler
                0x00000000080018c8                CAN2_TX_IRQHandler
                0x00000000080018c8                TIM5_IRQHandler
                0x00000000080018c8                DMA2_Stream7_IRQHandler
                0x00000000080018c8                I2C3_EV_IRQHandler
                0x00000000080018c8                EXTI9_5_IRQHandler
                0x00000000080018c8                RTC_WKUP_IRQHandler
                0x00000000080018c8                ETH_WKUP_IRQHandler
                0x00000000080018c8                SPI2_IRQHandler
                0x00000000080018c8                OTG_HS_EP1_IN_IRQHandler
                0x00000000080018c8                DMA1_Stream0_IRQHandler
                0x00000000080018c8                CAN1_TX_IRQHandler
                0x00000000080018c8                EXTI4_IRQHandler
                0x00000000080018c8                FSMC_IRQHandler
                0x00000000080018c8                ETH_IRQHandler
                0x00000000080018c8                OTG_HS_EP1_OUT_IRQHandler
                0x00000000080018c8                WWDG_IRQHandler
                0x00000000080018c8                TIM2_IRQHandler
                0x00000000080018c8                OTG_FS_WKUP_IRQHandler
                0x00000000080018c8                TIM1_TRG_COM_TIM11_IRQHandler
                0x00000000080018c8                OTG_HS_IRQHandler
                0x00000000080018c8                EXTI1_IRQHandler
                0x00000000080018c8                USART2_IRQHandler
                0x00000000080018c8                I2C2_ER_IRQHandler
                0x00000000080018c8                DMA2_Stream1_IRQHandler
                0x00000000080018c8                CAN1_SCE_IRQHandler
                0x00000000080018c8                FLASH_IRQHandler
                0x00000000080018c8                DMA2_Stream4_IRQHandler
                0x00000000080018c8                USART1_IRQHandler
                0x00000000080018c8                OTG_FS_IRQHandler
                0x00000000080018c8                SPI3_IRQHandler
                0x00000000080018c8                DMA1_Stream4_IRQHandler
                0x00000000080018c8                I2C1_ER_IRQHandler
                0x00000000080018c8                DMA2_Stream6_IRQHandler
 *fill*         0x00000000080018ca        0x2 
 .text.HAL_Init
                0x00000000080018cc       0x44 ./Drivers/STM32F4xx_HAL_Driver/Src/stm32f4xx_hal.o
                0x00000000080018cc                HAL_Init
 .text.HAL_DeInit
                0x0000000008001910       0x58 ./Drivers/STM32F4xx_HAL_Driver/Src/stm32f4xx_hal.o
                0x0000000008001910                HAL_DeInit
 .text.HAL_MspDeInit
                0x0000000008001968        0xe ./Drivers/STM32F4xx_HAL_Driver/Src/stm32f4xx_hal.o
                0x0000000008001968                HAL_MspDeInit
 *fill*         0x0000000008001976        0x2 
 .text.HAL_IncTick
                0x0000000008001978       0x28 ./Drivers/STM32F4xx_HAL_Driver/Src/stm32f4xx_hal.o
                0x0000000008001978                HAL_IncTick
 .text.HAL_GetTick
                0x00000000080019a0       0x18 ./Drivers/STM32F4xx_HAL_Driver/Src/stm32f4xx_hal.o
                0x00000000080019a0                HAL_GetTick
 .text.HAL_Delay
                0x00000000080019b8       0x48 ./Drivers/STM32F4xx_HAL_Driver/Src/stm32f4xx_hal.o
                0x00000000080019b8                HAL_Delay
 .text.__NVIC_SetPriorityGrouping
                0x0000000008001a00       0x48 ./Drivers/STM32F4xx_HAL_Driver/Src/stm32f4xx_hal_cortex.o
 .text.__NVIC_GetPriorityGrouping
                0x0000000008001a48       0x1c ./Drivers/STM32F4xx_HAL_Driver/Src/stm32f4xx_hal_cortex.o
 .text.__NVIC_EnableIRQ
                0x0000000008001a64       0x3c ./Drivers/STM32F4xx_HAL_Driver/Src/stm32f4xx_hal_cortex.o
 .text.__NVIC_DisableIRQ
                0x0000000008001aa0       0x48 ./Drivers/STM32F4xx_HAL_Driver/Src/stm32f4xx_hal_cortex.o
 .text.__NVIC_SetPriority
                0x0000000008001ae8       0x54 ./Drivers/STM32F4xx_HAL_Driver/Src/stm32f4xx_hal_cortex.o
 .text.NVIC_EncodePriority
                0x0000000008001b3c       0x66 ./Drivers/STM32F4xx_HAL_Driver/Src/stm32f4xx_hal_cortex.o
 .text.HAL_NVIC_SetPriorityGrouping
                0x0000000008001ba2       0x16 ./Drivers/STM32F4xx_HAL_Driver/Src/stm32f4xx_hal_cortex.o
                0x0000000008001ba2                HAL_NVIC_SetPriorityGrouping
 .text.HAL_NVIC_SetPriority
                0x0000000008001bb8       0x38 ./Drivers/STM32F4xx_HAL_Driver/Src/stm32f4xx_hal_cortex.o
                0x0000000008001bb8                HAL_NVIC_SetPriority
 .text.HAL_NVIC_EnableIRQ
                0x0000000008001bf0       0x1c ./Drivers/STM32F4xx_HAL_Driver/Src/stm32f4xx_hal_cortex.o
                0x0000000008001bf0                HAL_NVIC_EnableIRQ
 .text.HAL_NVIC_DisableIRQ
                0x0000000008001c0c       0x1c ./Drivers/STM32F4xx_HAL_Driver/Src/stm32f4xx_hal_cortex.o
                0x0000000008001c0c                HAL_NVIC_DisableIRQ
 .text.HAL_DMA_Init
                0x0000000008001c28      0x15c ./Drivers/STM32F4xx_HAL_Driver/Src/stm32f4xx_hal_dma.o
                0x0000000008001c28                HAL_DMA_Init
 .text.HAL_DMA_DeInit
                0x0000000008001d84       0xbc ./Drivers/STM32F4xx_HAL_Driver/Src/stm32f4xx_hal_dma.o
                0x0000000008001d84                HAL_DMA_DeInit
 .text.HAL_DMA_Start_IT
                0x0000000008001e40       0xb0 ./Drivers/STM32F4xx_HAL_Driver/Src/stm32f4xx_hal_dma.o
                0x0000000008001e40                HAL_DMA_Start_IT
 .text.HAL_DMA_Abort
                0x0000000008001ef0       0xe0 ./Drivers/STM32F4xx_HAL_Driver/Src/stm32f4xx_hal_dma.o
                0x0000000008001ef0                HAL_DMA_Abort
 .text.HAL_DMA_Abort_IT
                0x0000000008001fd0       0x44 ./Drivers/STM32F4xx_HAL_Driver/Src/stm32f4xx_hal_dma.o
                0x0000000008001fd0                HAL_DMA_Abort_IT
 .text.HAL_DMA_IRQHandler
                0x0000000008002014      0x314 ./Drivers/STM32F4xx_HAL_Driver/Src/stm32f4xx_hal_dma.o
                0x0000000008002014                HAL_DMA_IRQHandler
 .text.DMA_SetConfig
                0x0000000008002328       0x5c ./Drivers/STM32F4xx_HAL_Driver/Src/stm32f4xx_hal_dma.o
 .text.DMA_CalcBaseAndBitshift
                0x0000000008002384       0x6c ./Drivers/STM32F4xx_HAL_Driver/Src/stm32f4xx_hal_dma.o
 .text.DMA_CheckFifoParam
                0x00000000080023f0       0xf8 ./Drivers/STM32F4xx_HAL_Driver/Src/stm32f4xx_hal_dma.o
 .text.HAL_FLASH_Program
                0x00000000080024e8       0xa8 ./Drivers/STM32F4xx_HAL_Driver/Src/stm32f4xx_hal_flash.o
                0x00000000080024e8                HAL_FLASH_Program
 .text.HAL_FLASH_Unlock
                0x0000000008002590       0x44 ./Drivers/STM32F4xx_HAL_Driver/Src/stm32f4xx_hal_flash.o
                0x0000000008002590                HAL_FLASH_Unlock
 .text.HAL_FLASH_Lock
                0x00000000080025d4       0x20 ./Drivers/STM32F4xx_HAL_Driver/Src/stm32f4xx_hal_flash.o
                0x00000000080025d4                HAL_FLASH_Lock
 .text.FLASH_WaitForLastOperation
                0x00000000080025f4       0x80 ./Drivers/STM32F4xx_HAL_Driver/Src/stm32f4xx_hal_flash.o
                0x00000000080025f4                FLASH_WaitForLastOperation
 .text.FLASH_Program_DoubleWord
                0x0000000008002674       0x64 ./Drivers/STM32F4xx_HAL_Driver/Src/stm32f4xx_hal_flash.o
 .text.FLASH_Program_Word
                0x00000000080026d8       0x44 ./Drivers/STM32F4xx_HAL_Driver/Src/stm32f4xx_hal_flash.o
 .text.FLASH_Program_HalfWord
                0x000000000800271c       0x48 ./Drivers/STM32F4xx_HAL_Driver/Src/stm32f4xx_hal_flash.o
 .text.FLASH_Program_Byte
                0x0000000008002764       0x44 ./Drivers/STM32F4xx_HAL_Driver/Src/stm32f4xx_hal_flash.o
 .text.FLASH_SetErrorCode
                0x00000000080027a8       0xac ./Drivers/STM32F4xx_HAL_Driver/Src/stm32f4xx_hal_flash.o
 .text.HAL_FLASHEx_Erase
                0x0000000008002854       0xe0 ./Drivers/STM32F4xx_HAL_Driver/Src/stm32f4xx_hal_flash_ex.o
                0x0000000008002854                HAL_FLASHEx_Erase
 .text.FLASH_MassErase
                0x0000000008002934       0x48 ./Drivers/STM32F4xx_HAL_Driver/Src/stm32f4xx_hal_flash_ex.o
 .text.FLASH_Erase_Sector
                0x000000000800297c       0x90 ./Drivers/STM32F4xx_HAL_Driver/Src/stm32f4xx_hal_flash_ex.o
                0x000000000800297c                FLASH_Erase_Sector
 .text.FLASH_FlushCaches
                0x0000000008002a0c       0x8c ./Drivers/STM32F4xx_HAL_Driver/Src/stm32f4xx_hal_flash_ex.o
                0x0000000008002a0c                FLASH_FlushCaches
 .text.HAL_GPIO_Init
                0x0000000008002a98      0x338 ./Drivers/STM32F4xx_HAL_Driver/Src/stm32f4xx_hal_gpio.o
                0x0000000008002a98                HAL_GPIO_Init
 .text.HAL_GPIO_DeInit
                0x0000000008002dd0      0x1f8 ./Drivers/STM32F4xx_HAL_Driver/Src/stm32f4xx_hal_gpio.o
                0x0000000008002dd0                HAL_GPIO_DeInit
 .text.HAL_GPIO_WritePin
                0x0000000008002fc8       0x32 ./Drivers/STM32F4xx_HAL_Driver/Src/stm32f4xx_hal_gpio.o
                0x0000000008002fc8                HAL_GPIO_WritePin
 .text.HAL_IWDG_Init
                0x0000000008002ffa       0x84 ./Drivers/STM32F4xx_HAL_Driver/Src/stm32f4xx_hal_iwdg.o
                0x0000000008002ffa                HAL_IWDG_Init
 .text.HAL_IWDG_Refresh
                0x000000000800307e       0x20 ./Drivers/STM32F4xx_HAL_Driver/Src/stm32f4xx_hal_iwdg.o
                0x000000000800307e                HAL_IWDG_Refresh
 *fill*         0x000000000800309e        0x2 
 .text.HAL_RCC_OscConfig
                0x00000000080030a0      0x4f0 ./Drivers/STM32F4xx_HAL_Driver/Src/stm32f4xx_hal_rcc.o
                0x00000000080030a0                HAL_RCC_OscConfig
 .text.HAL_RCC_ClockConfig
                0x0000000008003590      0x1cc ./Drivers/STM32F4xx_HAL_Driver/Src/stm32f4xx_hal_rcc.o
                0x0000000008003590                HAL_RCC_ClockConfig
 .text.HAL_RCC_GetSysClockFreq
                0x000000000800375c      0x16c ./Drivers/STM32F4xx_HAL_Driver/Src/stm32f4xx_hal_rcc.o
                0x000000000800375c                HAL_RCC_GetSysClockFreq
 .text.HAL_RCC_GetHCLKFreq
                0x00000000080038c8       0x18 ./Drivers/STM32F4xx_HAL_Driver/Src/stm32f4xx_hal_rcc.o
                0x00000000080038c8                HAL_RCC_GetHCLKFreq
 .text.HAL_RCC_GetPCLK1Freq
                0x00000000080038e0       0x28 ./Drivers/STM32F4xx_HAL_Driver/Src/stm32f4xx_hal_rcc.o
                0x00000000080038e0                HAL_RCC_GetPCLK1Freq
 .text.HAL_RCC_GetPCLK2Freq
                0x0000000008003908       0x28 ./Drivers/STM32F4xx_HAL_Driver/Src/stm32f4xx_hal_rcc.o
                0x0000000008003908                HAL_RCC_GetPCLK2Freq
 .text.HAL_RCC_GetClockConfig
                0x0000000008003930       0x64 ./Drivers/STM32F4xx_HAL_Driver/Src/stm32f4xx_hal_rcc.o
                0x0000000008003930                HAL_RCC_GetClockConfig
 .text.HAL_RCCEx_PeriphCLKConfig
                0x0000000008003994      0x1c4 ./Drivers/STM32F4xx_HAL_Driver/Src/stm32f4xx_hal_rcc_ex.o
                0x0000000008003994                HAL_RCCEx_PeriphCLKConfig
 .text.HAL_RCC_DeInit
                0x0000000008003b58      0x19c ./Drivers/STM32F4xx_HAL_Driver/Src/stm32f4xx_hal_rcc_ex.o
                0x0000000008003b58                HAL_RCC_DeInit
 .text.HAL_RTC_Init
                0x0000000008003cf4       0xec ./Drivers/STM32F4xx_HAL_Driver/Src/stm32f4xx_hal_rtc.o
                0x0000000008003cf4                HAL_RTC_Init
 .text.HAL_RTC_WaitForSynchro
                0x0000000008003de0       0x50 ./Drivers/STM32F4xx_HAL_Driver/Src/stm32f4xx_hal_rtc.o
                0x0000000008003de0                HAL_RTC_WaitForSynchro
 .text.RTC_EnterInitMode
                0x0000000008003e30       0x6e ./Drivers/STM32F4xx_HAL_Driver/Src/stm32f4xx_hal_rtc.o
                0x0000000008003e30                RTC_EnterInitMode
 .text.RTC_ExitInitMode
                0x0000000008003e9e       0x4a ./Drivers/STM32F4xx_HAL_Driver/Src/stm32f4xx_hal_rtc.o
                0x0000000008003e9e                RTC_ExitInitMode
 .text.HAL_SPI_Init
                0x0000000008003ee8      0x112 ./Drivers/STM32F4xx_HAL_Driver/Src/stm32f4xx_hal_spi.o
                0x0000000008003ee8                HAL_SPI_Init
 .text.HAL_SPI_DeInit
                0x0000000008003ffa       0x50 ./Drivers/STM32F4xx_HAL_Driver/Src/stm32f4xx_hal_spi.o
                0x0000000008003ffa                HAL_SPI_DeInit
 .text.HAL_SPI_Transmit
                0x000000000800404a      0x278 ./Drivers/STM32F4xx_HAL_Driver/Src/stm32f4xx_hal_spi.o
                0x000000000800404a                HAL_SPI_Transmit
 .text.HAL_SPI_Receive
                0x00000000080042c2      0x222 ./Drivers/STM32F4xx_HAL_Driver/Src/stm32f4xx_hal_spi.o
                0x00000000080042c2                HAL_SPI_Receive
 .text.HAL_SPI_TransmitReceive
                0x00000000080044e4      0x344 ./Drivers/STM32F4xx_HAL_Driver/Src/stm32f4xx_hal_spi.o
                0x00000000080044e4                HAL_SPI_TransmitReceive
 .text.SPI_WaitFlagStateUntilTimeout
                0x0000000008004828      0x110 ./Drivers/STM32F4xx_HAL_Driver/Src/stm32f4xx_hal_spi.o
 .text.SPI_EndRxTransaction
                0x0000000008004938       0xca ./Drivers/STM32F4xx_HAL_Driver/Src/stm32f4xx_hal_spi.o
 *fill*         0x0000000008004a02        0x2 
 .text.SPI_EndRxTxTransaction
                0x0000000008004a04       0x84 ./Drivers/STM32F4xx_HAL_Driver/Src/stm32f4xx_hal_spi.o
 .text.HAL_TIM_Base_Init
                0x0000000008004a88       0x9e ./Drivers/STM32F4xx_HAL_Driver/Src/stm32f4xx_hal_tim.o
                0x0000000008004a88                HAL_TIM_Base_Init
 .text.HAL_TIM_Base_MspInit
                0x0000000008004b26       0x14 ./Drivers/STM32F4xx_HAL_Driver/Src/stm32f4xx_hal_tim.o
                0x0000000008004b26                HAL_TIM_Base_MspInit
 *fill*         0x0000000008004b3a        0x2 
 .text.HAL_TIM_Base_Start_IT
                0x0000000008004b3c       0xe0 ./Drivers/STM32F4xx_HAL_Driver/Src/stm32f4xx_hal_tim.o
                0x0000000008004b3c                HAL_TIM_Base_Start_IT
 .text.HAL_TIM_IRQHandler
                0x0000000008004c1c      0x210 ./Drivers/STM32F4xx_HAL_Driver/Src/stm32f4xx_hal_tim.o
                0x0000000008004c1c                HAL_TIM_IRQHandler
 .text.HAL_TIM_OC_DelayElapsedCallback
                0x0000000008004e2c       0x14 ./Drivers/STM32F4xx_HAL_Driver/Src/stm32f4xx_hal_tim.o
                0x0000000008004e2c                HAL_TIM_OC_DelayElapsedCallback
 .text.HAL_TIM_IC_CaptureCallback
                0x0000000008004e40       0x14 ./Drivers/STM32F4xx_HAL_Driver/Src/stm32f4xx_hal_tim.o
                0x0000000008004e40                HAL_TIM_IC_CaptureCallback
 .text.HAL_TIM_PWM_PulseFinishedCallback
                0x0000000008004e54       0x14 ./Drivers/STM32F4xx_HAL_Driver/Src/stm32f4xx_hal_tim.o
                0x0000000008004e54                HAL_TIM_PWM_PulseFinishedCallback
 .text.HAL_TIM_TriggerCallback
                0x0000000008004e68       0x14 ./Drivers/STM32F4xx_HAL_Driver/Src/stm32f4xx_hal_tim.o
                0x0000000008004e68                HAL_TIM_TriggerCallback
 .text.TIM_Base_SetConfig
                0x0000000008004e7c      0x140 ./Drivers/STM32F4xx_HAL_Driver/Src/stm32f4xx_hal_tim.o
                0x0000000008004e7c                TIM_Base_SetConfig
 .text.HAL_TIMEx_CommutCallback
                0x0000000008004fbc       0x14 ./Drivers/STM32F4xx_HAL_Driver/Src/stm32f4xx_hal_tim_ex.o
                0x0000000008004fbc                HAL_TIMEx_CommutCallback
 .text.HAL_TIMEx_BreakCallback
                0x0000000008004fd0       0x14 ./Drivers/STM32F4xx_HAL_Driver/Src/stm32f4xx_hal_tim_ex.o
                0x0000000008004fd0                HAL_TIMEx_BreakCallback
 .text.HAL_UART_Init
                0x0000000008004fe4       0x9a ./Drivers/STM32F4xx_HAL_Driver/Src/stm32f4xx_hal_uart.o
                0x0000000008004fe4                HAL_UART_Init
 .text.HAL_UART_DeInit
                0x000000000800507e       0x5e ./Drivers/STM32F4xx_HAL_Driver/Src/stm32f4xx_hal_uart.o
                0x000000000800507e                HAL_UART_DeInit
 .text.HAL_UART_Transmit_DMA
                0x00000000080050dc       0xfc ./Drivers/STM32F4xx_HAL_Driver/Src/stm32f4xx_hal_uart.o
                0x00000000080050dc                HAL_UART_Transmit_DMA
 .text.HAL_UART_Receive_DMA
                0x00000000080051d8       0x60 ./Drivers/STM32F4xx_HAL_Driver/Src/stm32f4xx_hal_uart.o
                0x00000000080051d8                HAL_UART_Receive_DMA
 .text.HAL_UART_IRQHandler
                0x0000000008005238      0x51c ./Drivers/STM32F4xx_HAL_Driver/Src/stm32f4xx_hal_uart.o
                0x0000000008005238                HAL_UART_IRQHandler
 .text.HAL_UART_TxHalfCpltCallback
                0x0000000008005754       0x14 ./Drivers/STM32F4xx_HAL_Driver/Src/stm32f4xx_hal_uart.o
                0x0000000008005754                HAL_UART_TxHalfCpltCallback
 .text.HAL_UART_RxHalfCpltCallback
                0x0000000008005768       0x14 ./Drivers/STM32F4xx_HAL_Driver/Src/stm32f4xx_hal_uart.o
                0x0000000008005768                HAL_UART_RxHalfCpltCallback
 .text.HAL_UART_ErrorCallback
                0x000000000800577c       0x14 ./Drivers/STM32F4xx_HAL_Driver/Src/stm32f4xx_hal_uart.o
                0x000000000800577c                HAL_UART_ErrorCallback
 .text.HAL_UARTEx_RxEventCallback
                0x0000000008005790       0x18 ./Drivers/STM32F4xx_HAL_Driver/Src/stm32f4xx_hal_uart.o
                0x0000000008005790                HAL_UARTEx_RxEventCallback
 .text.UART_DMATransmitCplt
                0x00000000080057a8       0x9a ./Drivers/STM32F4xx_HAL_Driver/Src/stm32f4xx_hal_uart.o
 .text.UART_DMATxHalfCplt
                0x0000000008005842       0x1c ./Drivers/STM32F4xx_HAL_Driver/Src/stm32f4xx_hal_uart.o
 .text.UART_DMAReceiveCplt
                0x000000000800585e      0x126 ./Drivers/STM32F4xx_HAL_Driver/Src/stm32f4xx_hal_uart.o
 .text.UART_DMARxHalfCplt
                0x0000000008005984       0x36 ./Drivers/STM32F4xx_HAL_Driver/Src/stm32f4xx_hal_uart.o
 .text.UART_DMAError
                0x00000000080059ba       0x94 ./Drivers/STM32F4xx_HAL_Driver/Src/stm32f4xx_hal_uart.o
 *fill*         0x0000000008005a4e        0x2 
 .text.UART_Start_Receive_DMA
                0x0000000008005a50      0x13c ./Drivers/STM32F4xx_HAL_Driver/Src/stm32f4xx_hal_uart.o
                0x0000000008005a50                UART_Start_Receive_DMA
 .text.UART_EndTxTransfer
                0x0000000008005b8c       0x50 ./Drivers/STM32F4xx_HAL_Driver/Src/stm32f4xx_hal_uart.o
 .text.UART_EndRxTransfer
                0x0000000008005bdc       0xc6 ./Drivers/STM32F4xx_HAL_Driver/Src/stm32f4xx_hal_uart.o
 .text.UART_DMAAbortOnError
                0x0000000008005ca2       0x28 ./Drivers/STM32F4xx_HAL_Driver/Src/stm32f4xx_hal_uart.o
 .text.UART_Transmit_IT
                0x0000000008005cca       0xa0 ./Drivers/STM32F4xx_HAL_Driver/Src/stm32f4xx_hal_uart.o
 .text.UART_EndTransmit_IT
                0x0000000008005d6a       0x30 ./Drivers/STM32F4xx_HAL_Driver/Src/stm32f4xx_hal_uart.o
 .text.UART_Receive_IT
                0x0000000008005d9a      0x176 ./Drivers/STM32F4xx_HAL_Driver/Src/stm32f4xx_hal_uart.o
 .text.UART_SetConfig
                0x0000000008005f10      0x390 ./Drivers/STM32F4xx_HAL_Driver/Src/stm32f4xx_hal_uart.o
 .text.makeFreeRtosPriority
                0x00000000080062a0       0x30 ./Middlewares/Third_Party/FreeRTOS/Source/CMSIS_RTOS/cmsis_os.o
 .text.inHandlerMode
                0x00000000080062d0       0x24 ./Middlewares/Third_Party/FreeRTOS/Source/CMSIS_RTOS/cmsis_os.o
 .text.osKernelStart
                0x00000000080062f4        0xe ./Middlewares/Third_Party/FreeRTOS/Source/CMSIS_RTOS/cmsis_os.o
                0x00000000080062f4                osKernelStart
 .text.osThreadCreate
                0x0000000008006302       0x98 ./Middlewares/Third_Party/FreeRTOS/Source/CMSIS_RTOS/cmsis_os.o
                0x0000000008006302                osThreadCreate
 .text.osDelay  0x000000000800639a       0x28 ./Middlewares/Third_Party/FreeRTOS/Source/CMSIS_RTOS/cmsis_os.o
                0x000000000800639a                osDelay
 *fill*         0x00000000080063c2        0x2 
 .text.osTimerCreate
                0x00000000080063c4       0x68 ./Middlewares/Third_Party/FreeRTOS/Source/CMSIS_RTOS/cmsis_os.o
                0x00000000080063c4                osTimerCreate
 .text.osTimerStart
                0x000000000800642c       0x88 ./Middlewares/Third_Party/FreeRTOS/Source/CMSIS_RTOS/cmsis_os.o
                0x000000000800642c                osTimerStart
 .text.osTimerStop
                0x00000000080064b4       0x78 ./Middlewares/Third_Party/FreeRTOS/Source/CMSIS_RTOS/cmsis_os.o
                0x00000000080064b4                osTimerStop
 .text.osMutexCreate
                0x000000000800652c       0x30 ./Middlewares/Third_Party/FreeRTOS/Source/CMSIS_RTOS/cmsis_os.o
                0x000000000800652c                osMutexCreate
 .text.osMutexWait
                0x000000000800655c       0x9c ./Middlewares/Third_Party/FreeRTOS/Source/CMSIS_RTOS/cmsis_os.o
                0x000000000800655c                osMutexWait
 .text.osMutexRelease
                0x00000000080065f8       0x6c ./Middlewares/Third_Party/FreeRTOS/Source/CMSIS_RTOS/cmsis_os.o
                0x00000000080065f8                osMutexRelease
 .text.osSemaphoreCreate
                0x0000000008006664       0x7e ./Middlewares/Third_Party/FreeRTOS/Source/CMSIS_RTOS/cmsis_os.o
                0x0000000008006664                osSemaphoreCreate
 *fill*         0x00000000080066e2        0x2 
 .text.osSemaphoreWait
                0x00000000080066e4       0x9c ./Middlewares/Third_Party/FreeRTOS/Source/CMSIS_RTOS/cmsis_os.o
                0x00000000080066e4                osSemaphoreWait
 .text.osSemaphoreRelease
                0x0000000008006780       0x6c ./Middlewares/Third_Party/FreeRTOS/Source/CMSIS_RTOS/cmsis_os.o
                0x0000000008006780                osSemaphoreRelease
 .text.osMessageCreate
                0x00000000080067ec       0x50 ./Middlewares/Third_Party/FreeRTOS/Source/CMSIS_RTOS/cmsis_os.o
                0x00000000080067ec                osMessageCreate
 .text.osMessagePut
                0x000000000800683c       0x80 ./Middlewares/Third_Party/FreeRTOS/Source/CMSIS_RTOS/cmsis_os.o
                0x000000000800683c                osMessagePut
 .text.osMessageGet
                0x00000000080068bc       0xe8 ./Middlewares/Third_Party/FreeRTOS/Source/CMSIS_RTOS/cmsis_os.o
                0x00000000080068bc                osMessageGet
 .text.osThreadSuspend
                0x00000000080069a4       0x18 ./Middlewares/Third_Party/FreeRTOS/Source/CMSIS_RTOS/cmsis_os.o
                0x00000000080069a4                osThreadSuspend
 .text.osThreadResume
                0x00000000080069bc       0x44 ./Middlewares/Third_Party/FreeRTOS/Source/CMSIS_RTOS/cmsis_os.o
                0x00000000080069bc                osThreadResume
 .text.vListInitialise
                0x0000000008006a00       0x40 ./Middlewares/Third_Party/FreeRTOS/Source/list.o
                0x0000000008006a00                vListInitialise
 .text.vListInitialiseItem
                0x0000000008006a40       0x1a ./Middlewares/Third_Party/FreeRTOS/Source/list.o
                0x0000000008006a40                vListInitialiseItem
 .text.vListInsertEnd
                0x0000000008006a5a       0x48 ./Middlewares/Third_Party/FreeRTOS/Source/list.o
                0x0000000008006a5a                vListInsertEnd
 .text.vListInsert
                0x0000000008006aa2       0x72 ./Middlewares/Third_Party/FreeRTOS/Source/list.o
                0x0000000008006aa2                vListInsert
 .text.uxListRemove
                0x0000000008006b14       0x54 ./Middlewares/Third_Party/FreeRTOS/Source/list.o
                0x0000000008006b14                uxListRemove
 .text.xQueueGenericReset
                0x0000000008006b68       0xd0 ./Middlewares/Third_Party/FreeRTOS/Source/queue.o
                0x0000000008006b68                xQueueGenericReset
 .text.xQueueGenericCreateStatic
                0x0000000008006c38       0xf0 ./Middlewares/Third_Party/FreeRTOS/Source/queue.o
                0x0000000008006c38                xQueueGenericCreateStatic
 .text.xQueueGenericCreate
                0x0000000008006d28       0x74 ./Middlewares/Third_Party/FreeRTOS/Source/queue.o
                0x0000000008006d28                xQueueGenericCreate
 .text.prvInitialiseNewQueue
                0x0000000008006d9c       0x3e ./Middlewares/Third_Party/FreeRTOS/Source/queue.o
 .text.prvInitialiseMutex
                0x0000000008006dda       0x34 ./Middlewares/Third_Party/FreeRTOS/Source/queue.o
 .text.xQueueCreateMutex
                0x0000000008006e0e       0x30 ./Middlewares/Third_Party/FreeRTOS/Source/queue.o
                0x0000000008006e0e                xQueueCreateMutex
 .text.xQueueCreateMutexStatic
                0x0000000008006e3e       0x36 ./Middlewares/Third_Party/FreeRTOS/Source/queue.o
                0x0000000008006e3e                xQueueCreateMutexStatic
 .text.xQueueCreateCountingSemaphoreStatic
                0x0000000008006e74       0x6e ./Middlewares/Third_Party/FreeRTOS/Source/queue.o
                0x0000000008006e74                xQueueCreateCountingSemaphoreStatic
 .text.xQueueCreateCountingSemaphore
                0x0000000008006ee2       0x66 ./Middlewares/Third_Party/FreeRTOS/Source/queue.o
                0x0000000008006ee2                xQueueCreateCountingSemaphore
 .text.xQueueGenericSend
                0x0000000008006f48      0x1fc ./Middlewares/Third_Party/FreeRTOS/Source/queue.o
                0x0000000008006f48                xQueueGenericSend
 .text.xQueueGenericSendFromISR
                0x0000000008007144      0x136 ./Middlewares/Third_Party/FreeRTOS/Source/queue.o
                0x0000000008007144                xQueueGenericSendFromISR
 .text.xQueueGiveFromISR
                0x000000000800727a      0x11a ./Middlewares/Third_Party/FreeRTOS/Source/queue.o
                0x000000000800727a                xQueueGiveFromISR
 .text.xQueueReceive
                0x0000000008007394      0x1c0 ./Middlewares/Third_Party/FreeRTOS/Source/queue.o
                0x0000000008007394                xQueueReceive
 .text.xQueueSemaphoreTake
                0x0000000008007554      0x218 ./Middlewares/Third_Party/FreeRTOS/Source/queue.o
                0x0000000008007554                xQueueSemaphoreTake
 .text.xQueueReceiveFromISR
                0x000000000800776c      0x100 ./Middlewares/Third_Party/FreeRTOS/Source/queue.o
                0x000000000800776c                xQueueReceiveFromISR
 .text.prvGetDisinheritPriorityAfterTimeout
                0x000000000800786c       0x30 ./Middlewares/Third_Party/FreeRTOS/Source/queue.o
 .text.prvCopyDataToQueue
                0x000000000800789c       0xd4 ./Middlewares/Third_Party/FreeRTOS/Source/queue.o
 .text.prvCopyDataFromQueue
                0x0000000008007970       0x4c ./Middlewares/Third_Party/FreeRTOS/Source/queue.o
 .text.prvUnlockQueue
                0x00000000080079bc       0xa4 ./Middlewares/Third_Party/FreeRTOS/Source/queue.o
 .text.prvIsQueueEmpty
                0x0000000008007a60       0x2c ./Middlewares/Third_Party/FreeRTOS/Source/queue.o
 .text.prvIsQueueFull
                0x0000000008007a8c       0x30 ./Middlewares/Third_Party/FreeRTOS/Source/queue.o
 .text.vQueueAddToRegistry
                0x0000000008007abc       0x54 ./Middlewares/Third_Party/FreeRTOS/Source/queue.o
                0x0000000008007abc                vQueueAddToRegistry
 .text.vQueueWaitForMessageRestricted
                0x0000000008007b10       0x68 ./Middlewares/Third_Party/FreeRTOS/Source/queue.o
                0x0000000008007b10                vQueueWaitForMessageRestricted
 .text.xTaskCreateStatic
                0x0000000008007b78       0xba ./Middlewares/Third_Party/FreeRTOS/Source/tasks.o
                0x0000000008007b78                xTaskCreateStatic
 .text.xTaskCreate
                0x0000000008007c32       0x8a ./Middlewares/Third_Party/FreeRTOS/Source/tasks.o
                0x0000000008007c32                xTaskCreate
 .text.prvInitialiseNewTask
                0x0000000008007cbc      0x13c ./Middlewares/Third_Party/FreeRTOS/Source/tasks.o
 .text.prvAddNewTaskToReadyList
                0x0000000008007df8       0xd4 ./Middlewares/Third_Party/FreeRTOS/Source/tasks.o
 .text.vTaskDelay
                0x0000000008007ecc       0x68 ./Middlewares/Third_Party/FreeRTOS/Source/tasks.o
                0x0000000008007ecc                vTaskDelay
 .text.vTaskSuspend
                0x0000000008007f34      0x124 ./Middlewares/Third_Party/FreeRTOS/Source/tasks.o
                0x0000000008007f34                vTaskSuspend
 .text.prvTaskIsTaskSuspended
                0x0000000008008058       0x64 ./Middlewares/Third_Party/FreeRTOS/Source/tasks.o
 .text.vTaskResume
                0x00000000080080bc       0xbc ./Middlewares/Third_Party/FreeRTOS/Source/tasks.o
                0x00000000080080bc                vTaskResume
 .text.xTaskResumeFromISR
                0x0000000008008178       0xe4 ./Middlewares/Third_Party/FreeRTOS/Source/tasks.o
                0x0000000008008178                xTaskResumeFromISR
 .text.vTaskStartScheduler
                0x000000000800825c       0xe0 ./Middlewares/Third_Party/FreeRTOS/Source/tasks.o
                0x000000000800825c                vTaskStartScheduler
 .text.vTaskSuspendAll
                0x000000000800833c       0x1c ./Middlewares/Third_Party/FreeRTOS/Source/tasks.o
                0x000000000800833c                vTaskSuspendAll
 .text.xTaskResumeAll
                0x0000000008008358      0x138 ./Middlewares/Third_Party/FreeRTOS/Source/tasks.o
                0x0000000008008358                xTaskResumeAll
 .text.xTaskGetTickCount
                0x0000000008008490       0x20 ./Middlewares/Third_Party/FreeRTOS/Source/tasks.o
                0x0000000008008490                xTaskGetTickCount
 .text.xTaskIncrementTick
                0x00000000080084b0      0x170 ./Middlewares/Third_Party/FreeRTOS/Source/tasks.o
                0x00000000080084b0                xTaskIncrementTick
 .text.vTaskSwitchContext
                0x0000000008008620       0xc4 ./Middlewares/Third_Party/FreeRTOS/Source/tasks.o
                0x0000000008008620                vTaskSwitchContext
 .text.vTaskPlaceOnEventList
                0x00000000080086e4       0x48 ./Middlewares/Third_Party/FreeRTOS/Source/tasks.o
                0x00000000080086e4                vTaskPlaceOnEventList
 .text.vTaskPlaceOnEventListRestricted
                0x000000000800872c       0x58 ./Middlewares/Third_Party/FreeRTOS/Source/tasks.o
                0x000000000800872c                vTaskPlaceOnEventListRestricted
 .text.xTaskRemoveFromEventList
                0x0000000008008784       0xc4 ./Middlewares/Third_Party/FreeRTOS/Source/tasks.o
                0x0000000008008784                xTaskRemoveFromEventList
 .text.vTaskInternalSetTimeOutState
                0x0000000008008848       0x2c ./Middlewares/Third_Party/FreeRTOS/Source/tasks.o
                0x0000000008008848                vTaskInternalSetTimeOutState
 .text.xTaskCheckForTimeOut
                0x0000000008008874       0xc4 ./Middlewares/Third_Party/FreeRTOS/Source/tasks.o
                0x0000000008008874                xTaskCheckForTimeOut
 .text.vTaskMissedYield
                0x0000000008008938       0x18 ./Middlewares/Third_Party/FreeRTOS/Source/tasks.o
                0x0000000008008938                vTaskMissedYield
 .text.prvIdleTask
                0x0000000008008950       0x30 ./Middlewares/Third_Party/FreeRTOS/Source/tasks.o
 .text.prvInitialiseTaskLists
                0x0000000008008980       0x80 ./Middlewares/Third_Party/FreeRTOS/Source/tasks.o
 .text.prvCheckTasksWaitingTermination
                0x0000000008008a00       0x5c ./Middlewares/Third_Party/FreeRTOS/Source/tasks.o
 .text.prvDeleteTCB
                0x0000000008008a5c       0x68 ./Middlewares/Third_Party/FreeRTOS/Source/tasks.o
 .text.prvResetNextTaskUnblockTime
                0x0000000008008ac4       0x40 ./Middlewares/Third_Party/FreeRTOS/Source/tasks.o
 .text.xTaskGetSchedulerState
                0x0000000008008b04       0x3c ./Middlewares/Third_Party/FreeRTOS/Source/tasks.o
                0x0000000008008b04                xTaskGetSchedulerState
 .text.xTaskPriorityInherit
                0x0000000008008b40       0xec ./Middlewares/Third_Party/FreeRTOS/Source/tasks.o
                0x0000000008008b40                xTaskPriorityInherit
 .text.xTaskPriorityDisinherit
                0x0000000008008c2c      0x10c ./Middlewares/Third_Party/FreeRTOS/Source/tasks.o
                0x0000000008008c2c                xTaskPriorityDisinherit
 .text.vTaskPriorityDisinheritAfterTimeout
                0x0000000008008d38      0x11c ./Middlewares/Third_Party/FreeRTOS/Source/tasks.o
                0x0000000008008d38                vTaskPriorityDisinheritAfterTimeout
 .text.pvTaskIncrementMutexHeldCount
                0x0000000008008e54       0x28 ./Middlewares/Third_Party/FreeRTOS/Source/tasks.o
                0x0000000008008e54                pvTaskIncrementMutexHeldCount
 .text.prvAddCurrentTaskToDelayedList
                0x0000000008008e7c       0xcc ./Middlewares/Third_Party/FreeRTOS/Source/tasks.o
 .text.xTimerCreateTimerTask
                0x0000000008008f48       0x90 ./Middlewares/Third_Party/FreeRTOS/Source/timers.o
                0x0000000008008f48                xTimerCreateTimerTask
 .text.xTimerCreate
                0x0000000008008fd8       0x42 ./Middlewares/Third_Party/FreeRTOS/Source/timers.o
                0x0000000008008fd8                xTimerCreate
 .text.xTimerCreateStatic
                0x000000000800901a       0x7c ./Middlewares/Third_Party/FreeRTOS/Source/timers.o
                0x000000000800901a                xTimerCreateStatic
 .text.prvInitialiseNewTimer
                0x0000000008009096       0x76 ./Middlewares/Third_Party/FreeRTOS/Source/timers.o
 .text.xTimerGenericCommand
                0x000000000800910c       0x9c ./Middlewares/Third_Party/FreeRTOS/Source/timers.o
                0x000000000800910c                xTimerGenericCommand
 .text.prvProcessExpiredTimer
                0x00000000080091a8       0x98 ./Middlewares/Third_Party/FreeRTOS/Source/timers.o
 .text.prvTimerTask
                0x0000000008009240       0x24 ./Middlewares/Third_Party/FreeRTOS/Source/timers.o
 .text.prvProcessTimerOrBlockTask
                0x0000000008009264       0x9c ./Middlewares/Third_Party/FreeRTOS/Source/timers.o
 .text.prvGetNextExpireTime
                0x0000000008009300       0x48 ./Middlewares/Third_Party/FreeRTOS/Source/timers.o
 .text.prvSampleTimeNow
                0x0000000008009348       0x40 ./Middlewares/Third_Party/FreeRTOS/Source/timers.o
 .text.prvInsertTimerInActiveList
                0x0000000008009388       0x84 ./Middlewares/Third_Party/FreeRTOS/Source/timers.o
 .text.prvProcessReceivedCommands
                0x000000000800940c      0x18c ./Middlewares/Third_Party/FreeRTOS/Source/timers.o
 .text.prvSwitchTimerLists
                0x0000000008009598       0xc8 ./Middlewares/Third_Party/FreeRTOS/Source/timers.o
 .text.prvCheckForValidListAndQueue
                0x0000000008009660       0x80 ./Middlewares/Third_Party/FreeRTOS/Source/timers.o
 .text.pxPortInitialiseStack
                0x00000000080096e0       0x68 ./Middlewares/Third_Party/FreeRTOS/Source/portable/GCC/ARM_CM4F/port.o
                0x00000000080096e0                pxPortInitialiseStack
 .text.prvTaskExitError
                0x0000000008009748       0x58 ./Middlewares/Third_Party/FreeRTOS/Source/portable/GCC/ARM_CM4F/port.o
 .text.SVC_Handler
                0x00000000080097a0       0x28 ./Middlewares/Third_Party/FreeRTOS/Source/portable/GCC/ARM_CM4F/port.o
                0x00000000080097a0                SVC_Handler
 .text.prvPortStartFirstTask
                0x00000000080097c8       0x28 ./Middlewares/Third_Party/FreeRTOS/Source/portable/GCC/ARM_CM4F/port.o
 .text.xPortStartScheduler
                0x00000000080097f0      0x144 ./Middlewares/Third_Party/FreeRTOS/Source/portable/GCC/ARM_CM4F/port.o
                0x00000000080097f0                xPortStartScheduler
 .text.vPortEnterCritical
                0x0000000008009934       0x60 ./Middlewares/Third_Party/FreeRTOS/Source/portable/GCC/ARM_CM4F/port.o
                0x0000000008009934                vPortEnterCritical
 .text.vPortExitCritical
                0x0000000008009994       0x54 ./Middlewares/Third_Party/FreeRTOS/Source/portable/GCC/ARM_CM4F/port.o
                0x0000000008009994                vPortExitCritical
 *fill*         0x00000000080099e8        0x8 
 .text.PendSV_Handler
                0x00000000080099f0       0x68 ./Middlewares/Third_Party/FreeRTOS/Source/portable/GCC/ARM_CM4F/port.o
                0x00000000080099f0                PendSV_Handler
 .text.SysTick_Handler
                0x0000000008009a58       0x44 ./Middlewares/Third_Party/FreeRTOS/Source/portable/GCC/ARM_CM4F/port.o
                0x0000000008009a58                SysTick_Handler
 .text.vPortSetupTimerInterrupt
                0x0000000008009a9c       0x48 ./Middlewares/Third_Party/FreeRTOS/Source/portable/GCC/ARM_CM4F/port.o
                0x0000000008009a9c                vPortSetupTimerInterrupt
 .text.vPortEnableVFP
                0x0000000008009ae4       0x14 ./Middlewares/Third_Party/FreeRTOS/Source/portable/GCC/ARM_CM4F/port.o
 .text.vPortValidateInterruptPriority
                0x0000000008009af8       0x80 ./Middlewares/Third_Party/FreeRTOS/Source/portable/GCC/ARM_CM4F/port.o
                0x0000000008009af8                vPortValidateInterruptPriority
 .text.pvPortMalloc
                0x0000000008009b78      0x198 ./Middlewares/Third_Party/FreeRTOS/Source/portable/MemMang/heap_4.o
                0x0000000008009b78                pvPortMalloc
 .text.vPortFree
                0x0000000008009d10       0xc4 ./Middlewares/Third_Party/FreeRTOS/Source/portable/MemMang/heap_4.o
                0x0000000008009d10                vPortFree
 .text.prvHeapInit
                0x0000000008009dd4       0xc4 ./Middlewares/Third_Party/FreeRTOS/Source/portable/MemMang/heap_4.o
 .text.prvInsertBlockIntoFreeList
                0x0000000008009e98       0xb4 ./Middlewares/Third_Party/FreeRTOS/Source/portable/MemMang/heap_4.o
 .text.ThreadM95Task
                0x0000000008009f4c      0x490 ./User/M95Task.o
                0x0000000008009f4c                ThreadM95Task
 .text.__NVIC_SystemReset
                0x000000000800a3dc       0x2c ./User/MainTask.o
 .text.ThreadMainTask
                0x000000000800a408      0x8d8 ./User/MainTask.o
                0x000000000800a408                ThreadMainTask
 .text.ThreadModbusPacketTask
                0x000000000800ace0      0x5ec ./User/ModbusPacketTask.o
                0x000000000800ace0                ThreadModbusPacketTask
 .text.ThreadModbusTask
                0x000000000800b2cc      0x6bc ./User/ModbusTask.o
                0x000000000800b2cc                ThreadModbusTask
 .text.ThreadReadRegistersTask
                0x000000000800b988       0x60 ./User/ReadRegistersTask.o
                0x000000000800b988                ThreadReadRegistersTask
 .text.fm25v02_read
                0x000000000800b9e8       0x74 ./User/fm25v02.o
                0x000000000800b9e8                fm25v02_read
 .text.fm25v02_write
                0x000000000800ba5c       0x98 ./User/fm25v02.o
                0x000000000800ba5c                fm25v02_write
 .text.fm25v02_fast_write
                0x000000000800baf4       0x48 ./User/fm25v02.o
                0x000000000800baf4                fm25v02_fast_write
 .text.fm25v02_fast_read
                0x000000000800bb3c       0x7c ./User/fm25v02.o
                0x000000000800bb3c                fm25v02_fast_read
 .text.BUZ_ON   0x000000000800bbb8       0x18 ./User/gpio.o
                0x000000000800bbb8                BUZ_ON
 .text.BUZ_OFF  0x000000000800bbd0       0x18 ./User/gpio.o
                0x000000000800bbd0                BUZ_OFF
 .text.LED1_OFF
                0x000000000800bbe8       0x18 ./User/gpio.o
                0x000000000800bbe8                LED1_OFF
 .text.LED1_ON  0x000000000800bc00       0x18 ./User/gpio.o
                0x000000000800bc00                LED1_ON
 .text.LED2_ON  0x000000000800bc18       0x18 ./User/gpio.o
                0x000000000800bc18                LED2_ON
 .text.LED3_ON  0x000000000800bc30       0x18 ./User/gpio.o
                0x000000000800bc30                LED3_ON
 .text.LED4_ON  0x000000000800bc48       0x18 ./User/gpio.o
                0x000000000800bc48                LED4_ON
 .text.LED5_ON  0x000000000800bc60       0x18 ./User/gpio.o
                0x000000000800bc60                LED5_ON
 .text.LED6_ON  0x000000000800bc78       0x18 ./User/gpio.o
                0x000000000800bc78                LED6_ON
 .text.find_str
                0x000000000800bc90       0x68 ./User/m95.o
                0x000000000800bc90                find_str
 .text.m95_power_on
                0x000000000800bcf8       0x40 ./User/m95.o
                0x000000000800bcf8                m95_power_on
 .text.m95_power_off
                0x000000000800bd38       0x40 ./User/m95.o
                0x000000000800bd38                m95_power_off
 .text.modem_rx_buffer_clear
                0x000000000800bd78       0x34 ./User/m95.o
                0x000000000800bd78                modem_rx_buffer_clear
 .text.ATE0     0x000000000800bdac       0xac ./User/m95.o
                0x000000000800bdac                ATE0
 .text.AT       0x000000000800be58       0xac ./User/m95.o
                0x000000000800be58                AT
 .text.AT_CSQ   0x000000000800bf04       0xfc ./User/m95.o
                0x000000000800bf04                AT_CSQ
 .text.AT_CIPSTATUS
                0x000000000800c000      0x278 ./User/m95.o
                0x000000000800c000                AT_CIPSTATUS
 .text.AT_CSTT  0x000000000800c278       0xf8 ./User/m95.o
                0x000000000800c278                AT_CSTT
 .text.AT_CIICR
                0x000000000800c370       0xd4 ./User/m95.o
                0x000000000800c370                AT_CIICR
 .text.AT_CIFSR
                0x000000000800c444       0xd4 ./User/m95.o
                0x000000000800c444                AT_CIFSR
 .text.AT_CIPSTART
                0x000000000800c518      0x19c ./User/m95.o
                0x000000000800c518                AT_CIPSTART
 .text.AT_CIPSEND
                0x000000000800c6b4      0x128 ./User/m95.o
                0x000000000800c6b4                AT_CIPSEND
 .text.AT_CIPSHUT
                0x000000000800c7dc       0xd4 ./User/m95.o
                0x000000000800c7dc                AT_CIPSHUT
 .text.AT_CCID  0x000000000800c8b0      0x714 ./User/m95.o
                0x000000000800c8b0                AT_CCID
 .text.read_status_registers
                0x000000000800cfc4      0x6b0 ./User/modbus.o
                0x000000000800cfc4                read_status_registers
 .text.read_control_registers
                0x000000000800d674      0x704 ./User/modbus.o
                0x000000000800d674                read_control_registers
 .text.read_bootloader_registers
                0x000000000800dd78      0x6a8 ./User/modbus.o
                0x000000000800dd78                read_bootloader_registers
 .text.read_bootloader_registers_no_rtos
                0x000000000800e420      0x688 ./User/modbus.o
                0x000000000800e420                read_bootloader_registers_no_rtos
 .text.read_change_boot_registers
                0x000000000800eaa8      0x294 ./User/modbus.o
                0x000000000800eaa8                read_change_boot_registers
 .text.CRC16    0x000000000800ed3c       0x64 ./User/modbus.o
                0x000000000800ed3c                CRC16
 .text.__errno  0x000000000800eda0        0xc c:/st/stm32cubeide_1.8.0/stm32cubeide/plugins/com.st.stm32cube.ide.mcu.externaltools.gnu-tools-for-stm32.9-2020-q2-update.win32_2.0.0.202105311346/tools/bin/../lib/gcc/arm-none-eabi/9.3.1/../../../../arm-none-eabi/lib/thumb/v7e-m+fp/hard\libc_nano.a(lib_a-errno.o)
                0x000000000800eda0                __errno
 .text.__libc_init_array
                0x000000000800edac       0x48 c:/st/stm32cubeide_1.8.0/stm32cubeide/plugins/com.st.stm32cube.ide.mcu.externaltools.gnu-tools-for-stm32.9-2020-q2-update.win32_2.0.0.202105311346/tools/bin/../lib/gcc/arm-none-eabi/9.3.1/../../../../arm-none-eabi/lib/thumb/v7e-m+fp/hard\libc_nano.a(lib_a-init.o)
                0x000000000800edac                __libc_init_array
 .text.__retarget_lock_acquire_recursive
                0x000000000800edf4        0x2 c:/st/stm32cubeide_1.8.0/stm32cubeide/plugins/com.st.stm32cube.ide.mcu.externaltools.gnu-tools-for-stm32.9-2020-q2-update.win32_2.0.0.202105311346/tools/bin/../lib/gcc/arm-none-eabi/9.3.1/../../../../arm-none-eabi/lib/thumb/v7e-m+fp/hard\libc_nano.a(lib_a-lock.o)
                0x000000000800edf4                __retarget_lock_acquire_recursive
 .text.__retarget_lock_release_recursive
                0x000000000800edf6        0x2 c:/st/stm32cubeide_1.8.0/stm32cubeide/plugins/com.st.stm32cube.ide.mcu.externaltools.gnu-tools-for-stm32.9-2020-q2-update.win32_2.0.0.202105311346/tools/bin/../lib/gcc/arm-none-eabi/9.3.1/../../../../arm-none-eabi/lib/thumb/v7e-m+fp/hard\libc_nano.a(lib_a-lock.o)
                0x000000000800edf6                __retarget_lock_release_recursive
 .text.memcpy   0x000000000800edf8       0x1c c:/st/stm32cubeide_1.8.0/stm32cubeide/plugins/com.st.stm32cube.ide.mcu.externaltools.gnu-tools-for-stm32.9-2020-q2-update.win32_2.0.0.202105311346/tools/bin/../lib/gcc/arm-none-eabi/9.3.1/../../../../arm-none-eabi/lib/thumb/v7e-m+fp/hard\libc_nano.a(lib_a-memcpy-stub.o)
                0x000000000800edf8                memcpy
 .text.memset   0x000000000800ee14       0x10 c:/st/stm32cubeide_1.8.0/stm32cubeide/plugins/com.st.stm32cube.ide.mcu.externaltools.gnu-tools-for-stm32.9-2020-q2-update.win32_2.0.0.202105311346/tools/bin/../lib/gcc/arm-none-eabi/9.3.1/../../../../arm-none-eabi/lib/thumb/v7e-m+fp/hard\libc_nano.a(lib_a-memset.o)
                0x000000000800ee14                memset
 .text._malloc_r
                0x000000000800ee24       0xb4 c:/st/stm32cubeide_1.8.0/stm32cubeide/plugins/com.st.stm32cube.ide.mcu.externaltools.gnu-tools-for-stm32.9-2020-q2-update.win32_2.0.0.202105311346/tools/bin/../lib/gcc/arm-none-eabi/9.3.1/../../../../arm-none-eabi/lib/thumb/v7e-m+fp/hard\libc_nano.a(lib_a-nano-mallocr.o)
                0x000000000800ee24                _malloc_r
 .text.cleanup_glue
                0x000000000800eed8       0x1a c:/st/stm32cubeide_1.8.0/stm32cubeide/plugins/com.st.stm32cube.ide.mcu.externaltools.gnu-tools-for-stm32.9-2020-q2-update.win32_2.0.0.202105311346/tools/bin/../lib/gcc/arm-none-eabi/9.3.1/../../../../arm-none-eabi/lib/thumb/v7e-m+fp/hard\libc_nano.a(lib_a-reent.o)
                0x000000000800eed8                cleanup_glue
 *fill*         0x000000000800eef2        0x2 
 .text._reclaim_reent
                0x000000000800eef4       0xb8 c:/st/stm32cubeide_1.8.0/stm32cubeide/plugins/com.st.stm32cube.ide.mcu.externaltools.gnu-tools-for-stm32.9-2020-q2-update.win32_2.0.0.202105311346/tools/bin/../lib/gcc/arm-none-eabi/9.3.1/../../../../arm-none-eabi/lib/thumb/v7e-m+fp/hard\libc_nano.a(lib_a-reent.o)
                0x000000000800eef4                _reclaim_reent
 .text._sbrk_r  0x000000000800efac       0x20 c:/st/stm32cubeide_1.8.0/stm32cubeide/plugins/com.st.stm32cube.ide.mcu.externaltools.gnu-tools-for-stm32.9-2020-q2-update.win32_2.0.0.202105311346/tools/bin/../lib/gcc/arm-none-eabi/9.3.1/../../../../arm-none-eabi/lib/thumb/v7e-m+fp/hard\libc_nano.a(lib_a-sbrkr.o)
                0x000000000800efac                _sbrk_r
 .text.sprintf  0x000000000800efcc       0x40 c:/st/stm32cubeide_1.8.0/stm32cubeide/plugins/com.st.stm32cube.ide.mcu.externaltools.gnu-tools-for-stm32.9-2020-q2-update.win32_2.0.0.202105311346/tools/bin/../lib/gcc/arm-none-eabi/9.3.1/../../../../arm-none-eabi/lib/thumb/v7e-m+fp/hard\libc_nano.a(lib_a-sprintf.o)
                0x000000000800efcc                siprintf
                0x000000000800efcc                sprintf
 .text.strstr   0x000000000800f00c       0x2e c:/st/stm32cubeide_1.8.0/stm32cubeide/plugins/com.st.stm32cube.ide.mcu.externaltools.gnu-tools-for-stm32.9-2020-q2-update.win32_2.0.0.202105311346/tools/bin/../lib/gcc/arm-none-eabi/9.3.1/../../../../arm-none-eabi/lib/thumb/v7e-m+fp/hard\libc_nano.a(lib_a-strstr.o)
                0x000000000800f00c                strstr
 *fill*         0x000000000800f03a        0x2 
 .text.__malloc_lock
                0x000000000800f03c        0xc c:/st/stm32cubeide_1.8.0/stm32cubeide/plugins/com.st.stm32cube.ide.mcu.externaltools.gnu-tools-for-stm32.9-2020-q2-update.win32_2.0.0.202105311346/tools/bin/../lib/gcc/arm-none-eabi/9.3.1/../../../../arm-none-eabi/lib/thumb/v7e-m+fp/hard\libc_nano.a(lib_a-mlock.o)
                0x000000000800f03c                __malloc_lock
 .text.__malloc_unlock
                0x000000000800f048        0xc c:/st/stm32cubeide_1.8.0/stm32cubeide/plugins/com.st.stm32cube.ide.mcu.externaltools.gnu-tools-for-stm32.9-2020-q2-update.win32_2.0.0.202105311346/tools/bin/../lib/gcc/arm-none-eabi/9.3.1/../../../../arm-none-eabi/lib/thumb/v7e-m+fp/hard\libc_nano.a(lib_a-mlock.o)
                0x000000000800f048                __malloc_unlock
 .text._free_r  0x000000000800f054       0xa0 c:/st/stm32cubeide_1.8.0/stm32cubeide/plugins/com.st.stm32cube.ide.mcu.externaltools.gnu-tools-for-stm32.9-2020-q2-update.win32_2.0.0.202105311346/tools/bin/../lib/gcc/arm-none-eabi/9.3.1/../../../../arm-none-eabi/lib/thumb/v7e-m+fp/hard\libc_nano.a(lib_a-nano-freer.o)
                0x000000000800f054                _free_r
 .text.__ssputs_r
                0x000000000800f0f4       0xb6 c:/st/stm32cubeide_1.8.0/stm32cubeide/plugins/com.st.stm32cube.ide.mcu.externaltools.gnu-tools-for-stm32.9-2020-q2-update.win32_2.0.0.202105311346/tools/bin/../lib/gcc/arm-none-eabi/9.3.1/../../../../arm-none-eabi/lib/thumb/v7e-m+fp/hard\libc_nano.a(lib_a-nano-svfprintf.o)
                0x000000000800f0f4                __ssputs_r
 *fill*         0x000000000800f1aa        0x2 
 .text._svfprintf_r
                0x000000000800f1ac      0x200 c:/st/stm32cubeide_1.8.0/stm32cubeide/plugins/com.st.stm32cube.ide.mcu.externaltools.gnu-tools-for-stm32.9-2020-q2-update.win32_2.0.0.202105311346/tools/bin/../lib/gcc/arm-none-eabi/9.3.1/../../../../arm-none-eabi/lib/thumb/v7e-m+fp/hard\libc_nano.a(lib_a-nano-svfprintf.o)
                0x000000000800f1ac                _svfiprintf_r
                0x000000000800f1ac                _svfprintf_r
 .text._printf_common
                0x000000000800f3ac       0xda c:/st/stm32cubeide_1.8.0/stm32cubeide/plugins/com.st.stm32cube.ide.mcu.externaltools.gnu-tools-for-stm32.9-2020-q2-update.win32_2.0.0.202105311346/tools/bin/../lib/gcc/arm-none-eabi/9.3.1/../../../../arm-none-eabi/lib/thumb/v7e-m+fp/hard\libc_nano.a(lib_a-nano-vfprintf_i.o)
                0x000000000800f3ac                _printf_common
 *fill*         0x000000000800f486        0x2 
 .text._printf_i
                0x000000000800f488      0x24c c:/st/stm32cubeide_1.8.0/stm32cubeide/plugins/com.st.stm32cube.ide.mcu.externaltools.gnu-tools-for-stm32.9-2020-q2-update.win32_2.0.0.202105311346/tools/bin/../lib/gcc/arm-none-eabi/9.3.1/../../../../arm-none-eabi/lib/thumb/v7e-m+fp/hard\libc_nano.a(lib_a-nano-vfprintf_i.o)
                0x000000000800f488                _printf_i
 .text.memmove  0x000000000800f6d4       0x34 c:/st/stm32cubeide_1.8.0/stm32cubeide/plugins/com.st.stm32cube.ide.mcu.externaltools.gnu-tools-for-stm32.9-2020-q2-update.win32_2.0.0.202105311346/tools/bin/../lib/gcc/arm-none-eabi/9.3.1/../../../../arm-none-eabi/lib/thumb/v7e-m+fp/hard\libc_nano.a(lib_a-memmove.o)
                0x000000000800f6d4                memmove
 .text._realloc_r
                0x000000000800f708       0x4c c:/st/stm32cubeide_1.8.0/stm32cubeide/plugins/com.st.stm32cube.ide.mcu.externaltools.gnu-tools-for-stm32.9-2020-q2-update.win32_2.0.0.202105311346/tools/bin/../lib/gcc/arm-none-eabi/9.3.1/../../../../arm-none-eabi/lib/thumb/v7e-m+fp/hard\libc_nano.a(lib_a-nano-reallocr.o)
                0x000000000800f708                _realloc_r
 .text._malloc_usable_size_r
                0x000000000800f754       0x10 c:/st/stm32cubeide_1.8.0/stm32cubeide/plugins/com.st.stm32cube.ide.mcu.externaltools.gnu-tools-for-stm32.9-2020-q2-update.win32_2.0.0.202105311346/tools/bin/../lib/gcc/arm-none-eabi/9.3.1/../../../../arm-none-eabi/lib/thumb/v7e-m+fp/hard\libc_nano.a(lib_a-nano-msizer.o)
                0x000000000800f754                _malloc_usable_size_r
 *(.glue_7)
 .glue_7        0x000000000800f764        0x0 linker stubs
 *(.glue_7t)
 .glue_7t       0x000000000800f764        0x0 linker stubs
 *(.eh_frame)
 .eh_frame      0x000000000800f764        0x0 c:/st/stm32cubeide_1.8.0/stm32cubeide/plugins/com.st.stm32cube.ide.mcu.externaltools.gnu-tools-for-stm32.9-2020-q2-update.win32_2.0.0.202105311346/tools/bin/../lib/gcc/arm-none-eabi/9.3.1/thumb/v7e-m+fp/hard/crtbegin.o
 *(.init)
 .init          0x000000000800f764        0x4 c:/st/stm32cubeide_1.8.0/stm32cubeide/plugins/com.st.stm32cube.ide.mcu.externaltools.gnu-tools-for-stm32.9-2020-q2-update.win32_2.0.0.202105311346/tools/bin/../lib/gcc/arm-none-eabi/9.3.1/thumb/v7e-m+fp/hard/crti.o
                0x000000000800f764                _init
 .init          0x000000000800f768        0x8 c:/st/stm32cubeide_1.8.0/stm32cubeide/plugins/com.st.stm32cube.ide.mcu.externaltools.gnu-tools-for-stm32.9-2020-q2-update.win32_2.0.0.202105311346/tools/bin/../lib/gcc/arm-none-eabi/9.3.1/thumb/v7e-m+fp/hard/crtn.o
 *(.fini)
 .fini          0x000000000800f770        0x4 c:/st/stm32cubeide_1.8.0/stm32cubeide/plugins/com.st.stm32cube.ide.mcu.externaltools.gnu-tools-for-stm32.9-2020-q2-update.win32_2.0.0.202105311346/tools/bin/../lib/gcc/arm-none-eabi/9.3.1/thumb/v7e-m+fp/hard/crti.o
                0x000000000800f770                _fini
 .fini          0x000000000800f774        0x8 c:/st/stm32cubeide_1.8.0/stm32cubeide/plugins/com.st.stm32cube.ide.mcu.externaltools.gnu-tools-for-stm32.9-2020-q2-update.win32_2.0.0.202105311346/tools/bin/../lib/gcc/arm-none-eabi/9.3.1/thumb/v7e-m+fp/hard/crtn.o
                0x000000000800f77c                . = ALIGN (0x4)
                0x000000000800f77c                _etext = .

.vfp11_veneer   0x000000000800f77c        0x0
 .vfp11_veneer  0x000000000800f77c        0x0 linker stubs

.v4_bx          0x000000000800f77c        0x0
 .v4_bx         0x000000000800f77c        0x0 linker stubs

.iplt           0x000000000800f77c        0x0
 .iplt          0x000000000800f77c        0x0 c:/st/stm32cubeide_1.8.0/stm32cubeide/plugins/com.st.stm32cube.ide.mcu.externaltools.gnu-tools-for-stm32.9-2020-q2-update.win32_2.0.0.202105311346/tools/bin/../lib/gcc/arm-none-eabi/9.3.1/thumb/v7e-m+fp/hard/crtbegin.o

.rodata         0x000000000800f77c      0x5d8
                0x000000000800f77c                . = ALIGN (0x4)
 *(.rodata)
 .rodata        0x000000000800f77c      0x10c ./Core/Src/main.o
 .rodata        0x000000000800f888        0x1 ./Middlewares/Third_Party/FreeRTOS/Source/CMSIS_RTOS/cmsis_os.o
 *fill*         0x000000000800f889        0x3 
 .rodata        0x000000000800f88c        0x5 ./Middlewares/Third_Party/FreeRTOS/Source/tasks.o
 *fill*         0x000000000800f891        0x3 
 .rodata        0x000000000800f894        0xd ./Middlewares/Third_Party/FreeRTOS/Source/timers.o
 *fill*         0x000000000800f8a1        0x3 
 .rodata        0x000000000800f8a4       0x18 ./User/M95Task.o
 .rodata        0x000000000800f8bc      0x1e2 ./User/m95.o
 *(.rodata*)
 *fill*         0x000000000800fa9e        0x2 
 .rodata.AHBPrescTable
                0x000000000800faa0       0x10 ./Core/Src/system_stm32f4xx.o
                0x000000000800faa0                AHBPrescTable
 .rodata.APBPrescTable
                0x000000000800fab0        0x8 ./Core/Src/system_stm32f4xx.o
                0x000000000800fab0                APBPrescTable
 .rodata.flagBitshiftOffset.8671
                0x000000000800fab8        0x8 ./Drivers/STM32F4xx_HAL_Driver/Src/stm32f4xx_hal_dma.o
 .rodata.MB_Slave_aucCRCHi
                0x000000000800fac0      0x100 ./User/modbus.o
                0x000000000800fac0                MB_Slave_aucCRCHi
 .rodata.MB_Slave_aucCRCLo
                0x000000000800fbc0      0x100 ./User/modbus.o
                0x000000000800fbc0                MB_Slave_aucCRCLo
 .rodata.__sf_fake_stderr
                0x000000000800fcc0       0x20 c:/st/stm32cubeide_1.8.0/stm32cubeide/plugins/com.st.stm32cube.ide.mcu.externaltools.gnu-tools-for-stm32.9-2020-q2-update.win32_2.0.0.202105311346/tools/bin/../lib/gcc/arm-none-eabi/9.3.1/../../../../arm-none-eabi/lib/thumb/v7e-m+fp/hard\libc_nano.a(lib_a-findfp.o)
                0x000000000800fcc0                __sf_fake_stderr
 .rodata.__sf_fake_stdin
                0x000000000800fce0       0x20 c:/st/stm32cubeide_1.8.0/stm32cubeide/plugins/com.st.stm32cube.ide.mcu.externaltools.gnu-tools-for-stm32.9-2020-q2-update.win32_2.0.0.202105311346/tools/bin/../lib/gcc/arm-none-eabi/9.3.1/../../../../arm-none-eabi/lib/thumb/v7e-m+fp/hard\libc_nano.a(lib_a-findfp.o)
                0x000000000800fce0                __sf_fake_stdin
 .rodata.__sf_fake_stdout
                0x000000000800fd00       0x20 c:/st/stm32cubeide_1.8.0/stm32cubeide/plugins/com.st.stm32cube.ide.mcu.externaltools.gnu-tools-for-stm32.9-2020-q2-update.win32_2.0.0.202105311346/tools/bin/../lib/gcc/arm-none-eabi/9.3.1/../../../../arm-none-eabi/lib/thumb/v7e-m+fp/hard\libc_nano.a(lib_a-findfp.o)
                0x000000000800fd00                __sf_fake_stdout
 .rodata._svfprintf_r.str1.1
                0x000000000800fd20       0x11 c:/st/stm32cubeide_1.8.0/stm32cubeide/plugins/com.st.stm32cube.ide.mcu.externaltools.gnu-tools-for-stm32.9-2020-q2-update.win32_2.0.0.202105311346/tools/bin/../lib/gcc/arm-none-eabi/9.3.1/../../../../arm-none-eabi/lib/thumb/v7e-m+fp/hard\libc_nano.a(lib_a-nano-svfprintf.o)
 .rodata._printf_i.str1.1
                0x000000000800fd31       0x22 c:/st/stm32cubeide_1.8.0/stm32cubeide/plugins/com.st.stm32cube.ide.mcu.externaltools.gnu-tools-for-stm32.9-2020-q2-update.win32_2.0.0.202105311346/tools/bin/../lib/gcc/arm-none-eabi/9.3.1/../../../../arm-none-eabi/lib/thumb/v7e-m+fp/hard\libc_nano.a(lib_a-nano-vfprintf_i.o)
                0x000000000800fd54                . = ALIGN (0x4)
 *fill*         0x000000000800fd53        0x1 

.ARM.extab      0x000000000800fd54        0x0
                0x000000000800fd54                . = ALIGN (0x4)
 *(.ARM.extab* .gnu.linkonce.armextab.*)
                0x000000000800fd54                . = ALIGN (0x4)

.ARM            0x000000000800fd54        0x8
                0x000000000800fd54                . = ALIGN (0x4)
                0x000000000800fd54                __exidx_start = .
 *(.ARM.exidx*)
 .ARM.exidx     0x000000000800fd54        0x8 c:/st/stm32cubeide_1.8.0/stm32cubeide/plugins/com.st.stm32cube.ide.mcu.externaltools.gnu-tools-for-stm32.9-2020-q2-update.win32_2.0.0.202105311346/tools/bin/../lib/gcc/arm-none-eabi/9.3.1/thumb/v7e-m+fp/hard\libgcc.a(_udivmoddi4.o)
                0x000000000800fd5c                __exidx_end = .
                0x000000000800fd5c                . = ALIGN (0x4)

.rel.dyn        0x000000000800fd5c        0x0
 .rel.iplt      0x000000000800fd5c        0x0 c:/st/stm32cubeide_1.8.0/stm32cubeide/plugins/com.st.stm32cube.ide.mcu.externaltools.gnu-tools-for-stm32.9-2020-q2-update.win32_2.0.0.202105311346/tools/bin/../lib/gcc/arm-none-eabi/9.3.1/thumb/v7e-m+fp/hard/crtbegin.o

.preinit_array  0x000000000800fd5c        0x0
                0x000000000800fd5c                . = ALIGN (0x4)
                0x000000000800fd5c                PROVIDE (__preinit_array_start = .)
 *(.preinit_array*)
                0x000000000800fd5c                PROVIDE (__preinit_array_end = .)
                0x000000000800fd5c                . = ALIGN (0x4)

.init_array     0x000000000800fd5c        0x4
                0x000000000800fd5c                . = ALIGN (0x4)
                0x000000000800fd5c                PROVIDE (__init_array_start = .)
 *(SORT_BY_NAME(.init_array.*))
 *(.init_array*)
 .init_array    0x000000000800fd5c        0x4 c:/st/stm32cubeide_1.8.0/stm32cubeide/plugins/com.st.stm32cube.ide.mcu.externaltools.gnu-tools-for-stm32.9-2020-q2-update.win32_2.0.0.202105311346/tools/bin/../lib/gcc/arm-none-eabi/9.3.1/thumb/v7e-m+fp/hard/crtbegin.o
                0x000000000800fd60                PROVIDE (__init_array_end = .)
                0x000000000800fd60                . = ALIGN (0x4)

.fini_array     0x000000000800fd60        0x4
                0x000000000800fd60                . = ALIGN (0x4)
                [!provide]                        PROVIDE (__fini_array_start = .)
 *(SORT_BY_NAME(.fini_array.*))
 *(.fini_array*)
 .fini_array    0x000000000800fd60        0x4 c:/st/stm32cubeide_1.8.0/stm32cubeide/plugins/com.st.stm32cube.ide.mcu.externaltools.gnu-tools-for-stm32.9-2020-q2-update.win32_2.0.0.202105311346/tools/bin/../lib/gcc/arm-none-eabi/9.3.1/thumb/v7e-m+fp/hard/crtbegin.o
                [!provide]                        PROVIDE (__fini_array_end = .)
                0x000000000800fd64                . = ALIGN (0x4)
                0x000000000800fd64                _sidata = LOADADDR (.data)

.data           0x0000000020000000       0x88 load address 0x000000000800fd64
                0x0000000020000000                . = ALIGN (0x4)
                0x0000000020000000                _sdata = .
 *(.data)
 *(.data*)
 .data.ApplicationAddress2
                0x0000000020000000        0x4 ./Core/Src/main.o
                0x0000000020000000                ApplicationAddress2
 .data.start_default_task_delay
                0x0000000020000004        0x4 ./Core/Src/main.o
                0x0000000020000004                start_default_task_delay
 .data.SystemCoreClock
                0x0000000020000008        0x4 ./Core/Src/system_stm32f4xx.o
                0x0000000020000008                SystemCoreClock
 .data.uwTickPrio
                0x000000002000000c        0x4 ./Drivers/STM32F4xx_HAL_Driver/Src/stm32f4xx_hal.o
                0x000000002000000c                uwTickPrio
 .data.uwTickFreq
                0x0000000020000010        0x1 ./Drivers/STM32F4xx_HAL_Driver/Src/stm32f4xx_hal.o
                0x0000000020000010                uwTickFreq
 *fill*         0x0000000020000011        0x3 
 .data.uxCriticalNesting
                0x0000000020000014        0x4 ./Middlewares/Third_Party/FreeRTOS/Source/portable/GCC/ARM_CM4F/port.o
 .data.send_ok  0x0000000020000018        0xa ./User/m95.o
                0x0000000020000018                send_ok
 *fill*         0x0000000020000022        0x2 
 .data._impure_ptr
                0x0000000020000024        0x4 c:/st/stm32cubeide_1.8.0/stm32cubeide/plugins/com.st.stm32cube.ide.mcu.externaltools.gnu-tools-for-stm32.9-2020-q2-update.win32_2.0.0.202105311346/tools/bin/../lib/gcc/arm-none-eabi/9.3.1/../../../../arm-none-eabi/lib/thumb/v7e-m+fp/hard\libc_nano.a(lib_a-impure.o)
                0x0000000020000024                _impure_ptr
 .data.impure_data
                0x0000000020000028       0x60 c:/st/stm32cubeide_1.8.0/stm32cubeide/plugins/com.st.stm32cube.ide.mcu.externaltools.gnu-tools-for-stm32.9-2020-q2-update.win32_2.0.0.202105311346/tools/bin/../lib/gcc/arm-none-eabi/9.3.1/../../../../arm-none-eabi/lib/thumb/v7e-m+fp/hard\libc_nano.a(lib_a-impure.o)
 *(.RamFunc)
 *(.RamFunc*)
                0x0000000020000088                . = ALIGN (0x4)
                0x0000000020000088                _edata = .
                0x000000000800fdec                _siccmram = LOADADDR (.ccmram)

.igot.plt       0x0000000020000088        0x0 load address 0x000000000800fdec
 .igot.plt      0x0000000020000088        0x0 c:/st/stm32cubeide_1.8.0/stm32cubeide/plugins/com.st.stm32cube.ide.mcu.externaltools.gnu-tools-for-stm32.9-2020-q2-update.win32_2.0.0.202105311346/tools/bin/../lib/gcc/arm-none-eabi/9.3.1/thumb/v7e-m+fp/hard/crtbegin.o

.ccmram         0x0000000010000000        0x0 load address 0x000000000800fdec
                0x0000000010000000                . = ALIGN (0x4)
                0x0000000010000000                _sccmram = .
 *(.ccmram)
 *(.ccmram*)
                0x0000000010000000                . = ALIGN (0x4)
                0x0000000010000000                _eccmram = .
                0x0000000010000000                . = ALIGN (0x4)

.bss            0x0000000020000088    0x18aa4
                0x0000000020000088                _sbss = .
                0x0000000020000088                __bss_start__ = _sbss
 *(.bss)
 .bss           0x0000000020000088       0x1c c:/st/stm32cubeide_1.8.0/stm32cubeide/plugins/com.st.stm32cube.ide.mcu.externaltools.gnu-tools-for-stm32.9-2020-q2-update.win32_2.0.0.202105311346/tools/bin/../lib/gcc/arm-none-eabi/9.3.1/thumb/v7e-m+fp/hard/crtbegin.o
 *(.bss*)
 .bss.xIdleTaskTCBBuffer
                0x00000000200000a4       0xb4 ./Core/Src/freertos.o
 .bss.xIdleStack
                0x0000000020000158      0x200 ./Core/Src/freertos.o
 .bss.xTimerTaskTCBBuffer
                0x0000000020000358       0xb4 ./Core/Src/freertos.o
 .bss.xTimerStack
                0x000000002000040c      0x400 ./Core/Src/freertos.o
 .bss.modem_rx_number
                0x000000002000080c        0x1 ./Core/Src/main.o
                0x000000002000080c                modem_rx_number
 .bss.modem_reset_state
                0x000000002000080d        0x1 ./Core/Src/main.o
                0x000000002000080d                modem_reset_state
 *fill*         0x000000002000080e        0x2 
 .bss.__sbrk_heap_end
                0x0000000020000810        0x4 ./Core/Src/sysmem.o
 .bss.pxCurrentTCB
                0x0000000020000814        0x4 ./Middlewares/Third_Party/FreeRTOS/Source/tasks.o
                0x0000000020000814                pxCurrentTCB
 .bss.pxReadyTasksLists
                0x0000000020000818       0x8c ./Middlewares/Third_Party/FreeRTOS/Source/tasks.o
 .bss.xDelayedTaskList1
                0x00000000200008a4       0x14 ./Middlewares/Third_Party/FreeRTOS/Source/tasks.o
 .bss.xDelayedTaskList2
                0x00000000200008b8       0x14 ./Middlewares/Third_Party/FreeRTOS/Source/tasks.o
 .bss.pxDelayedTaskList
                0x00000000200008cc        0x4 ./Middlewares/Third_Party/FreeRTOS/Source/tasks.o
 .bss.pxOverflowDelayedTaskList
                0x00000000200008d0        0x4 ./Middlewares/Third_Party/FreeRTOS/Source/tasks.o
 .bss.xPendingReadyList
                0x00000000200008d4       0x14 ./Middlewares/Third_Party/FreeRTOS/Source/tasks.o
 .bss.xTasksWaitingTermination
                0x00000000200008e8       0x14 ./Middlewares/Third_Party/FreeRTOS/Source/tasks.o
 .bss.uxDeletedTasksWaitingCleanUp
                0x00000000200008fc        0x4 ./Middlewares/Third_Party/FreeRTOS/Source/tasks.o
 .bss.xSuspendedTaskList
                0x0000000020000900       0x14 ./Middlewares/Third_Party/FreeRTOS/Source/tasks.o
 .bss.uxCurrentNumberOfTasks
                0x0000000020000914        0x4 ./Middlewares/Third_Party/FreeRTOS/Source/tasks.o
 .bss.xTickCount
                0x0000000020000918        0x4 ./Middlewares/Third_Party/FreeRTOS/Source/tasks.o
 .bss.uxTopReadyPriority
                0x000000002000091c        0x4 ./Middlewares/Third_Party/FreeRTOS/Source/tasks.o
 .bss.xSchedulerRunning
                0x0000000020000920        0x4 ./Middlewares/Third_Party/FreeRTOS/Source/tasks.o
 .bss.xPendedTicks
                0x0000000020000924        0x4 ./Middlewares/Third_Party/FreeRTOS/Source/tasks.o
 .bss.xYieldPending
                0x0000000020000928        0x4 ./Middlewares/Third_Party/FreeRTOS/Source/tasks.o
 .bss.xNumOfOverflows
                0x000000002000092c        0x4 ./Middlewares/Third_Party/FreeRTOS/Source/tasks.o
 .bss.uxTaskNumber
                0x0000000020000930        0x4 ./Middlewares/Third_Party/FreeRTOS/Source/tasks.o
 .bss.xNextTaskUnblockTime
                0x0000000020000934        0x4 ./Middlewares/Third_Party/FreeRTOS/Source/tasks.o
 .bss.xIdleTaskHandle
                0x0000000020000938        0x4 ./Middlewares/Third_Party/FreeRTOS/Source/tasks.o
 .bss.uxSchedulerSuspended
                0x000000002000093c        0x4 ./Middlewares/Third_Party/FreeRTOS/Source/tasks.o
 .bss.xActiveTimerList1
                0x0000000020000940       0x14 ./Middlewares/Third_Party/FreeRTOS/Source/timers.o
 .bss.xActiveTimerList2
                0x0000000020000954       0x14 ./Middlewares/Third_Party/FreeRTOS/Source/timers.o
 .bss.pxCurrentTimerList
                0x0000000020000968        0x4 ./Middlewares/Third_Party/FreeRTOS/Source/timers.o
 .bss.pxOverflowTimerList
                0x000000002000096c        0x4 ./Middlewares/Third_Party/FreeRTOS/Source/timers.o
 .bss.xTimerQueue
                0x0000000020000970        0x4 ./Middlewares/Third_Party/FreeRTOS/Source/timers.o
 .bss.xTimerTaskHandle
                0x0000000020000974        0x4 ./Middlewares/Third_Party/FreeRTOS/Source/timers.o
 .bss.xLastTime.7001
                0x0000000020000978        0x4 ./Middlewares/Third_Party/FreeRTOS/Source/timers.o
 .bss.ucStaticTimerQueueStorage.7050
                0x000000002000097c       0x78 ./Middlewares/Third_Party/FreeRTOS/Source/timers.o
 .bss.xStaticTimerQueue.7049
                0x00000000200009f4       0x48 ./Middlewares/Third_Party/FreeRTOS/Source/timers.o
 .bss.ucMaxSysCallPriority
                0x0000000020000a3c        0x1 ./Middlewares/Third_Party/FreeRTOS/Source/portable/GCC/ARM_CM4F/port.o
 *fill*         0x0000000020000a3d        0x3 
 .bss.ulMaxPRIGROUPValue
                0x0000000020000a40        0x4 ./Middlewares/Third_Party/FreeRTOS/Source/portable/GCC/ARM_CM4F/port.o
 .bss.ucHeap    0x0000000020000a44     0x7530 ./Middlewares/Third_Party/FreeRTOS/Source/portable/MemMang/heap_4.o
 .bss.xStart    0x0000000020007f74        0x8 ./Middlewares/Third_Party/FreeRTOS/Source/portable/MemMang/heap_4.o
 .bss.pxEnd     0x0000000020007f7c        0x4 ./Middlewares/Third_Party/FreeRTOS/Source/portable/MemMang/heap_4.o
 .bss.xFreeBytesRemaining
                0x0000000020007f80        0x4 ./Middlewares/Third_Party/FreeRTOS/Source/portable/MemMang/heap_4.o
 .bss.xMinimumEverFreeBytesRemaining
                0x0000000020007f84        0x4 ./Middlewares/Third_Party/FreeRTOS/Source/portable/MemMang/heap_4.o
 .bss.xNumberOfSuccessfulAllocations
                0x0000000020007f88        0x4 ./Middlewares/Third_Party/FreeRTOS/Source/portable/MemMang/heap_4.o
 .bss.xNumberOfSuccessfulFrees
                0x0000000020007f8c        0x4 ./Middlewares/Third_Party/FreeRTOS/Source/portable/MemMang/heap_4.o
 .bss.xBlockAllocatedBit
                0x0000000020007f90        0x4 ./Middlewares/Third_Party/FreeRTOS/Source/portable/MemMang/heap_4.o
 .bss.ip1       0x0000000020007f94        0x1 ./User/M95Task.o
                0x0000000020007f94                ip1
 .bss.ip2       0x0000000020007f95        0x1 ./User/M95Task.o
                0x0000000020007f95                ip2
 .bss.ip3       0x0000000020007f96        0x1 ./User/M95Task.o
                0x0000000020007f96                ip3
 .bss.ip4       0x0000000020007f97        0x1 ./User/M95Task.o
                0x0000000020007f97                ip4
 .bss.port_high_reg
                0x0000000020007f98        0x1 ./User/M95Task.o
                0x0000000020007f98                port_high_reg
 .bss.port_low_reg
                0x0000000020007f99        0x1 ./User/M95Task.o
                0x0000000020007f99                port_low_reg
 .bss.port      0x0000000020007f9a        0x2 ./User/M95Task.o
                0x0000000020007f9a                port
 .bss.connect_state
                0x0000000020007f9c        0x1 ./User/M95Task.o
                0x0000000020007f9c                connect_state
 .bss.connect_timer
                0x0000000020007f9d        0x1 ./User/M95Task.o
                0x0000000020007f9d                connect_timer
 .bss.modbus_packet_number
                0x0000000020007f9e        0x1 ./User/ModbusTask.o
                0x0000000020007f9e                modbus_packet_number
 .bss.modbus_packet_number1
                0x0000000020007f9f        0x1 ./User/ModbusTask.o
                0x0000000020007f9f                modbus_packet_number1
 .bss.modem_transmit_delay
                0x0000000020007fa0        0x2 ./User/ModbusTask.o
                0x0000000020007fa0                modem_transmit_delay
 .bss.modem_transmit_delay_state
                0x0000000020007fa2        0x1 ./User/ModbusTask.o
                0x0000000020007fa2                modem_transmit_delay_state
 *fill*         0x0000000020007fa3        0x1 
 .bss.__malloc_free_list
                0x0000000020007fa4        0x4 c:/st/stm32cubeide_1.8.0/stm32cubeide/plugins/com.st.stm32cube.ide.mcu.externaltools.gnu-tools-for-stm32.9-2020-q2-update.win32_2.0.0.202105311346/tools/bin/../lib/gcc/arm-none-eabi/9.3.1/../../../../arm-none-eabi/lib/thumb/v7e-m+fp/hard\libc_nano.a(lib_a-nano-mallocr.o)
                0x0000000020007fa4                __malloc_free_list
 .bss.__malloc_sbrk_start
                0x0000000020007fa8        0x4 c:/st/stm32cubeide_1.8.0/stm32cubeide/plugins/com.st.stm32cube.ide.mcu.externaltools.gnu-tools-for-stm32.9-2020-q2-update.win32_2.0.0.202105311346/tools/bin/../lib/gcc/arm-none-eabi/9.3.1/../../../../arm-none-eabi/lib/thumb/v7e-m+fp/hard\libc_nano.a(lib_a-nano-mallocr.o)
                0x0000000020007fa8                __malloc_sbrk_start
 *(COMMON)
 COMMON         0x0000000020007fac     0xeeb4 ./Core/Src/main.o
                0x0000000020007fac                defaultTaskHandle
                0x0000000020007fb0                hspi2
                0x0000000020008008                temp_ip1
                0x000000002000800c                spi_buf
                0x0000000020008010                hdma_usart3_rx
                0x0000000020008070                huart3
                0x00000000200080b4                ReadRegistersTaskHandle
                0x00000000200080b8                hiwdg
                0x00000000200080c4                ModbusQueueHandle
                0x00000000200080c8                modbus_buffer
                0x0000000020016b28                test_data1
                0x0000000020016b2c                JumpAddress
                0x0000000020016b30                AT_TimerHandle
                0x0000000020016b34                temp_ip4
                0x0000000020016b35                temp_ip3
                0x0000000020016b38                UartMutexHandle
                0x0000000020016b3c                Ring_Center_TimerHandle
                0x0000000020016b40                hdma_usart3_tx
                0x0000000020016ba0                temp_id_low
                0x0000000020016ba4                ModbusPacketTaskHandle
                0x0000000020016ba8                Jump_To_Application
                0x0000000020016bac                hspi3
                0x0000000020016c04                temp_port_high
                0x0000000020016c08                MainTaskHandle
                0x0000000020016c0c                ModbusTaskHandle
                0x0000000020016c10                M95TaskHandle
                0x0000000020016c14                ModbusPacketReceiveHandle
                0x0000000020016c18                read_rx_state
                0x0000000020016c1c                hrtc
                0x0000000020016c3c                Fm25v02MutexHandle
                0x0000000020016c40                modem_rx_data
                0x0000000020016d40                modem_rx_buffer
                0x0000000020016e40                temp_port_low