core_cm4.h:1939:34:__NVIC_SystemReset	4	static,ignoring_inline_asm
main.c:161:6:HAL_UART_TxCpltCallback	16	static
main.c:169:6:HAL_UART_RxCpltCallback	16	static
main.c:193:5:main	264	static,ignoring_inline_asm
main.c:489:6:SystemClock_Config	88	static
main.c:538:13:MX_IWDG_Init	8	static
main.c:566:13:MX_RTC_Init	32	static
main.c:629:13:MX_SPI2_Init	8	static
main.c:667:13:MX_SPI3_Init	8	static
main.c:705:13:MX_USART3_UART_Init	8	static
main.c:736:13:MX_DMA_Init	16	static
main.c:757:13:MX_GPIO_Init	56	static
main.c:845:6:Callback_AT_Timer	16	static
main.c:852:6:Callback_Ring_Center_Timer	16	static
main.c:866:6:StartDefaultTask	16	static
main.c:902:6:HAL_TIM_PeriodElapsedCallback	16	static
main.c:919:6:Error_Handler	8	static
